Archive member included to satisfy reference by file (symbol)

C:/ST/STM32CubeIDE_1.19.0/STM32CubeIDE/plugins/com.st.stm32cube.ide.mcu.externaltools.gnu-tools-for-stm32.13.3.rel1.win32_1.0.0.202411081344/tools/bin/../lib/gcc/arm-none-eabi/13.3.1/../../../../arm-none-eabi/lib/thumb/v7e-m+fp/hard\libm.a(libm_a-sf_atan.o)
                              ./Core/Src/mainpp.o (atanf)
C:/ST/STM32CubeIDE_1.19.0/STM32CubeIDE/plugins/com.st.stm32cube.ide.mcu.externaltools.gnu-tools-for-stm32.13.3.rel1.win32_1.0.0.202411081344/tools/bin/../lib/gcc/arm-none-eabi/13.3.1/../../../../arm-none-eabi/lib/thumb/v7e-m+fp/hard\libm.a(libm_a-sf_fabs.o)
                              C:/ST/STM32CubeIDE_1.19.0/STM32CubeIDE/plugins/com.st.stm32cube.ide.mcu.externaltools.gnu-tools-for-stm32.13.3.rel1.win32_1.0.0.202411081344/tools/bin/../lib/gcc/arm-none-eabi/13.3.1/../../../../arm-none-eabi/lib/thumb/v7e-m+fp/hard\libm.a(libm_a-sf_atan.o) (fabsf)
C:/ST/STM32CubeIDE_1.19.0/STM32CubeIDE/plugins/com.st.stm32cube.ide.mcu.externaltools.gnu-tools-for-stm32.13.3.rel1.win32_1.0.0.202411081344/tools/bin/../lib/gcc/arm-none-eabi/13.3.1/../../../../arm-none-eabi/lib/thumb/v7e-m+fp/hard\libm.a(libm_a-sf_tan.o)
                              ./Core/Src/mainpp.o (tanf)
C:/ST/STM32CubeIDE_1.19.0/STM32CubeIDE/plugins/com.st.stm32cube.ide.mcu.externaltools.gnu-tools-for-stm32.13.3.rel1.win32_1.0.0.202411081344/tools/bin/../lib/gcc/arm-none-eabi/13.3.1/../../../../arm-none-eabi/lib/thumb/v7e-m+fp/hard\libm.a(libm_a-sf_copysign.o)
                              ./Core/Src/mainpp.o (copysignf)
C:/ST/STM32CubeIDE_1.19.0/STM32CubeIDE/plugins/com.st.stm32cube.ide.mcu.externaltools.gnu-tools-for-stm32.13.3.rel1.win32_1.0.0.202411081344/tools/bin/../lib/gcc/arm-none-eabi/13.3.1/../../../../arm-none-eabi/lib/thumb/v7e-m+fp/hard\libm.a(libm_a-kf_tan.o)
                              C:/ST/STM32CubeIDE_1.19.0/STM32CubeIDE/plugins/com.st.stm32cube.ide.mcu.externaltools.gnu-tools-for-stm32.13.3.rel1.win32_1.0.0.202411081344/tools/bin/../lib/gcc/arm-none-eabi/13.3.1/../../../../arm-none-eabi/lib/thumb/v7e-m+fp/hard\libm.a(libm_a-sf_tan.o) (__kernel_tanf)
C:/ST/STM32CubeIDE_1.19.0/STM32CubeIDE/plugins/com.st.stm32cube.ide.mcu.externaltools.gnu-tools-for-stm32.13.3.rel1.win32_1.0.0.202411081344/tools/bin/../lib/gcc/arm-none-eabi/13.3.1/../../../../arm-none-eabi/lib/thumb/v7e-m+fp/hard\libm.a(libm_a-ef_rem_pio2.o)
                              C:/ST/STM32CubeIDE_1.19.0/STM32CubeIDE/plugins/com.st.stm32cube.ide.mcu.externaltools.gnu-tools-for-stm32.13.3.rel1.win32_1.0.0.202411081344/tools/bin/../lib/gcc/arm-none-eabi/13.3.1/../../../../arm-none-eabi/lib/thumb/v7e-m+fp/hard\libm.a(libm_a-sf_tan.o) (__ieee754_rem_pio2f)
C:/ST/STM32CubeIDE_1.19.0/STM32CubeIDE/plugins/com.st.stm32cube.ide.mcu.externaltools.gnu-tools-for-stm32.13.3.rel1.win32_1.0.0.202411081344/tools/bin/../lib/gcc/arm-none-eabi/13.3.1/../../../../arm-none-eabi/lib/thumb/v7e-m+fp/hard\libm.a(libm_a-kf_rem_pio2.o)
                              C:/ST/STM32CubeIDE_1.19.0/STM32CubeIDE/plugins/com.st.stm32cube.ide.mcu.externaltools.gnu-tools-for-stm32.13.3.rel1.win32_1.0.0.202411081344/tools/bin/../lib/gcc/arm-none-eabi/13.3.1/../../../../arm-none-eabi/lib/thumb/v7e-m+fp/hard\libm.a(libm_a-ef_rem_pio2.o) (__kernel_rem_pio2f)
C:/ST/STM32CubeIDE_1.19.0/STM32CubeIDE/plugins/com.st.stm32cube.ide.mcu.externaltools.gnu-tools-for-stm32.13.3.rel1.win32_1.0.0.202411081344/tools/bin/../lib/gcc/arm-none-eabi/13.3.1/../../../../arm-none-eabi/lib/thumb/v7e-m+fp/hard\libm.a(libm_a-sf_scalbn.o)
                              C:/ST/STM32CubeIDE_1.19.0/STM32CubeIDE/plugins/com.st.stm32cube.ide.mcu.externaltools.gnu-tools-for-stm32.13.3.rel1.win32_1.0.0.202411081344/tools/bin/../lib/gcc/arm-none-eabi/13.3.1/../../../../arm-none-eabi/lib/thumb/v7e-m+fp/hard\libm.a(libm_a-kf_rem_pio2.o) (scalbnf)
C:/ST/STM32CubeIDE_1.19.0/STM32CubeIDE/plugins/com.st.stm32cube.ide.mcu.externaltools.gnu-tools-for-stm32.13.3.rel1.win32_1.0.0.202411081344/tools/bin/../lib/gcc/arm-none-eabi/13.3.1/../../../../arm-none-eabi/lib/thumb/v7e-m+fp/hard\libm.a(libm_a-sf_floor.o)
                              C:/ST/STM32CubeIDE_1.19.0/STM32CubeIDE/plugins/com.st.stm32cube.ide.mcu.externaltools.gnu-tools-for-stm32.13.3.rel1.win32_1.0.0.202411081344/tools/bin/../lib/gcc/arm-none-eabi/13.3.1/../../../../arm-none-eabi/lib/thumb/v7e-m+fp/hard\libm.a(libm_a-kf_rem_pio2.o) (floorf)
C:/ST/STM32CubeIDE_1.19.0/STM32CubeIDE/plugins/com.st.stm32cube.ide.mcu.externaltools.gnu-tools-for-stm32.13.3.rel1.win32_1.0.0.202411081344/tools/bin/../lib/gcc/arm-none-eabi/13.3.1/../../../../arm-none-eabi/lib/thumb/v7e-m+fp/hard\libc_nano.a(libc_a-exit.o)
                              C:/ST/STM32CubeIDE_1.19.0/STM32CubeIDE/plugins/com.st.stm32cube.ide.mcu.externaltools.gnu-tools-for-stm32.13.3.rel1.win32_1.0.0.202411081344/tools/bin/../lib/gcc/arm-none-eabi/13.3.1/../../../../arm-none-eabi/lib/thumb/v7e-m+fp/hard/crt0.o (exit)
[...]
Memory Configuration

Name             Origin             Length             Attributes
CCMRAM           0x10000000         0x00010000         xrw
RAM              0x20000000         0x00020000         xrw
FLASH            0x08000000         0x00100000         xr
*default*        0x00000000         0xffffffff

Linker script and memory map

LOAD C:/ST/STM32CubeIDE_1.19.0/STM32CubeIDE/plugins/com.st.stm32cube.ide.mcu.externaltools.gnu-tools-for-stm32.13.3.rel1.win32_1.0.0.202411081344/tools/bin/../lib/gcc/arm-none-eabi/13.3.1/thumb/v7e-m+fp/hard/crti.o
LOAD C:/ST/STM32CubeIDE_1.19.0/STM32CubeIDE/plugins/com.st.stm32cube.ide.mcu.externaltools.gnu-tools-for-stm32.13.3.rel1.win32_1.0.0.202411081344/tools/bin/../lib/gcc/arm-none-eabi/13.3.1/thumb/v7e-m+fp/hard/crtbegin.o
LOAD C:/ST/STM32CubeIDE_1.19.0/STM32CubeIDE/plugins/com.st.stm32cube.ide.mcu.externaltools.gnu-tools-for-stm32.13.3.rel1.win32_1.0.0.202411081344/tools/bin/../lib/gcc/arm-none-eabi/13.3.1/../../../../arm-none-eabi/lib/thumb/v7e-m+fp/hard/crt0.o
LOAD ./Core/Src/dma.o
LOAD ./Core/Src/duration.o
LOAD ./Core/Src/gpio.o
LOAD ./Core/Src/i2c.o
LOAD ./Core/Src/main.o
LOAD ./Core/Src/mainpp.o
LOAD ./Core/Src/mpu6050.o
LOAD ./Core/Src/stm32f4xx_hal_msp.o
LOAD ./Core/Src/stm32f4xx_it.o
LOAD ./Core/Src/syscalls.o
LOAD ./Core/Src/sysmem.o
LOAD ./Core/Src/system_stm32f4xx.o
LOAD ./Core/Src/tim.o
LOAD ./Core/Src/time.o
LOAD ./Core/Src/usart.o
LOAD ./Core/Startup/startup_stm32f405rgtx.o
LOAD ./Drivers/STM32F4xx_HAL_Driver/Src/stm32f4xx_hal.o
LOAD ./Drivers/STM32F4xx_HAL_Driver/Src/stm32f4xx_hal_cortex.o
LOAD ./Drivers/STM32F4xx_HAL_Driver/Src/stm32f4xx_hal_dma.o
LOAD ./Drivers/STM32F4xx_HAL_Driver/Src/stm32f4xx_hal_dma_ex.o
LOAD ./Drivers/STM32F4xx_HAL_Driver/Src/stm32f4xx_hal_exti.o
LOAD ./Drivers/STM32F4xx_HAL_Driver/Src/stm32f4xx_hal_flash.o
LOAD ./Drivers/STM32F4xx_HAL_Driver/Src/stm32f4xx_hal_flash_ex.o
LOAD ./Drivers/STM32F4xx_HAL_Driver/Src/stm32f4xx_hal_flash_ramfunc.o
LOAD ./Drivers/STM32F4xx_HAL_Driver/Src/stm32f4xx_hal_gpio.o
LOAD ./Drivers/STM32F4xx_HAL_Driver/Src/stm32f4xx_hal_i2c.o
LOAD ./Drivers/STM32F4xx_HAL_Driver/Src/stm32f4xx_hal_i2c_ex.o
LOAD ./Drivers/STM32F4xx_HAL_Driver/Src/stm32f4xx_hal_pwr.o
LOAD ./Drivers/STM32F4xx_HAL_Driver/Src/stm32f4xx_hal_pwr_ex.o
LOAD ./Drivers/STM32F4xx_HAL_Driver/Src/stm32f4xx_hal_rcc.o
LOAD ./Drivers/STM32F4xx_HAL_Driver/Src/stm32f4xx_hal_rcc_ex.o
LOAD ./Drivers/STM32F4xx_HAL_Driver/Src/stm32f4xx_hal_tim.o
LOAD ./Drivers/STM32F4xx_HAL_Driver/Src/stm32f4xx_hal_tim_ex.o
LOAD ./Drivers/STM32F4xx_HAL_Driver/Src/stm32f4xx_hal_uart.o
START GROUP
LOAD C:/ST/STM32CubeIDE_1.19.0/STM32CubeIDE/plugins/com.st.stm32cube.ide.mcu.externaltools.gnu-tools-for-stm32.13.3.rel1.win32_1.0.0.202411081344/tools/bin/../lib/gcc/arm-none-eabi/13.3.1/../../../../arm-none-eabi/lib/thumb/v7e-m+fp/hard\libstdc++_nano.a
LOAD C:/ST/STM32CubeIDE_1.19.0/STM32CubeIDE/plugins/com.st.stm32cube.ide.mcu.externaltools.gnu-tools-for-stm32.13.3.rel1.win32_1.0.0.202411081344/tools/bin/../lib/gcc/arm-none-eabi/13.3.1/../../../../arm-none-eabi/lib/thumb/v7e-m+fp/hard\libsupc++_nano.a
END GROUP
LOAD C:/ST/STM32CubeIDE_1.19.0/STM32CubeIDE/plugins/com.st.stm32cube.ide.mcu.externaltools.gnu-tools-for-stm32.13.3.rel1.win32_1.0.0.202411081344/tools/bin/../lib/gcc/arm-none-eabi/13.3.1/../../../../arm-none-eabi/lib/thumb/v7e-m+fp/hard\libstdc++_nano.a
LOAD C:/ST/STM32CubeIDE_1.19.0/STM32CubeIDE/plugins/com.st.stm32cube.ide.mcu.externaltools.gnu-tools-for-stm32.13.3.rel1.win32_1.0.0.202411081344/tools/bin/../lib/gcc/arm-none-eabi/13.3.1/../../../../arm-none-eabi/lib/thumb/v7e-m+fp/hard\libm.a
LOAD C:/ST/STM32CubeIDE_1.19.0/STM32CubeIDE/plugins/com.st.stm32cube.ide.mcu.externaltools.gnu-tools-for-stm32.13.3.rel1.win32_1.0.0.202411081344/tools/bin/../lib/gcc/arm-none-eabi/13.3.1/../../../../arm-none-eabi/lib/thumb/v7e-m+fp/hard\libc_nano.a
START GROUP
LOAD C:/ST/STM32CubeIDE_1.19.0/STM32CubeIDE/plugins/com.st.stm32cube.ide.mcu.externaltools.gnu-tools-for-stm32.13.3.rel1.win32_1.0.0.202411081344/tools/bin/../lib/gcc/arm-none-eabi/13.3.1/thumb/v7e-m+fp/hard\libgcc.a
LOAD C:/ST/STM32CubeIDE_1.19.0/STM32CubeIDE/plugins/com.st.stm32cube.ide.mcu.externaltools.gnu-tools-for-stm32.13.3.rel1.win32_1.0.0.202411081344/tools/bin/../lib/gcc/arm-none-eabi/13.3.1/../../../../arm-none-eabi/lib/thumb/v7e-m+fp/hard\libc_nano.a
END GROUP
START GROUP
LOAD C:/ST/STM32CubeIDE_1.19.0/STM32CubeIDE/plugins/com.st.stm32cube.ide.mcu.externaltools.gnu-tools-for-stm32.13.3.rel1.win32_1.0.0.202411081344/tools/bin/../lib/gcc/arm-none-eabi/13.3.1/thumb/v7e-m+fp/hard\libgcc.a
LOAD C:/ST/STM32CubeIDE_1.19.0/STM32CubeIDE/plugins/com.st.stm32cube.ide.mcu.externaltools.gnu-tools-for-stm32.13.3.rel1.win32_1.0.0.202411081344/tools/bin/../lib/gcc/arm-none-eabi/13.3.1/../../../../arm-none-eabi/lib/thumb/v7e-m+fp/hard\libc_nano.a
END GROUP
LOAD C:/ST/STM32CubeIDE_1.19.0/STM32CubeIDE/plugins/com.st.stm32cube.ide.mcu.externaltools.gnu-tools-for-stm32.13.3.rel1.win32_1.0.0.202411081344/tools/bin/../lib/gcc/arm-none-eabi/13.3.1/thumb/v7e-m+fp/hard/crtend.o
LOAD C:/ST/STM32CubeIDE_1.19.0/STM32CubeIDE/plugins/com.st.stm32cube.ide.mcu.externaltools.gnu-tools-for-stm32.13.3.rel1.win32_1.0.0.202411081344/tools/bin/../lib/gcc/arm-none-eabi/13.3.1/thumb/v7e-m+fp/hard/crtn.o
                0x20020000                        _estack = (ORIGIN (RAM) + LENGTH (RAM))
                0x00000200                        _Min_Heap_Size = 0x200
                0x00000400                        _Min_Stack_Size = 0x400

.isr_vector     0x08000000      0x188
                0x08000000                        . = ALIGN (0x4)
 *(.isr_vector)
 .isr_vector    0x08000000      0x188 ./Core/Startup/startup_stm32f405rgtx.o
                0x08000000                g_pfnVectors
                0x08000188                        . = ALIGN (0x4)

.text           0x08000190    0x10224
                0x08000190                        . = ALIGN (0x4)
 *(.text)
 .text          0x08000190       0x40 C:/ST/STM32CubeIDE_1.19.0/STM32CubeIDE/plugins/com.st.stm32cube.ide.mcu.externaltools.gnu-tools-for-stm32.13.3.rel1.win32_1.0.0.202411081344/tools/bin/../lib/gcc/arm-none-eabi/13.3.1/thumb/v7e-m+fp/hard/crtbegin.o
 .text          0x080001d0       0xa0 C:/ST/STM32CubeIDE_1.19.0/STM32CubeIDE/plugins/com.st.stm32cube.ide.mcu.externaltools.gnu-tools-for-stm32.13.3.rel1.win32_1.0.0.202411081344/tools/bin/../lib/gcc/arm-none-eabi/13.3.1/../../../../arm-none-eabi/lib/thumb/v7e-m+fp/hard\libc_nano.a(libc_a-memchr.o)
                0x080001d0                memchr
 .text          0x08000270       0x10 C:/ST/STM32CubeIDE_1.19.0/STM32CubeIDE/plugins/com.st.stm32cube.ide.mcu.externaltools.gnu-tools-for-stm32.13.3.rel1.win32_1.0.0.202411081344/tools/bin/../lib/gcc/arm-none-eabi/13.3.1/../../../../arm-none-eabi/lib/thumb/v7e-m+fp/hard\libc_nano.a(libc_a-strlen.o)
                0x08000270                strlen
 .text          0x08000280      0x378 C:/ST/STM32CubeIDE_1.19.0/STM32CubeIDE/plugins/com.st.stm32cube.ide.mcu.externaltools.gnu-tools-for-stm32.13.3.rel1.win32_1.0.0.202411081344/tools/bin/../lib/gcc/arm-none-eabi/13.3.1/thumb/v7e-m+fp/hard\libgcc.a(_arm_addsubdf3.o)
                0x08000280                __aeabi_drsub
                0x08000288                __aeabi_dsub
                0x08000288                __subdf3
                0x0800028c                __aeabi_dadd
                0x0800028c                __adddf3
                0x08000504                __floatunsidf
                0x08000504                __aeabi_ui2d
                0x08000524                __floatsidf
                0x08000524                __aeabi_i2d
                0x08000548                __aeabi_f2d
                0x08000548                __extendsfdf2
                0x0800058c                __floatundidf
                0x0800058c                __aeabi_ul2d
                0x0800059c                __floatdidf
                0x0800059c                __aeabi_l2d
 .text          0x080005f8      0x424 C:/ST/STM32CubeIDE_1.19.0/STM32CubeIDE/plugins/com.st.stm32cube.ide.mcu.externaltools.gnu-tools-for-stm32.13.3.rel1.win32_1.0.0.202411081344/tools/bin/../lib/gcc/arm-none-eabi/13.3.1/thumb/v7e-m+fp/hard\libgcc.a(_arm_muldivdf3.o)
                0x080005f8                __aeabi_dmul
                0x080005f8                __muldf3
                0x0800084c                __divdf3
                0x0800084c                __aeabi_ddiv
 .text          0x08000a1c      0x110 C:/ST/STM32CubeIDE_1.19.0/STM32CubeIDE/plugins/com.st.stm32cube.ide.mcu.externaltools.gnu-tools-for-stm32.13.3.rel1.win32_1.0.0.202411081344/tools/bin/../lib/gcc/arm-none-eabi/13.3.1/thumb/v7e-m+fp/hard\libgcc.a(_arm_cmpdf2.o)
                0x08000a1c                __gtdf2
                0x08000a1c                __gedf2
                0x08000a24                __ltdf2
                0x08000a24                __ledf2
                0x08000a2c                __nedf2
                0x08000a2c                __eqdf2
                0x08000a2c                __cmpdf2
                0x08000aa8                __aeabi_cdrcmple
                0x08000ab8                __aeabi_cdcmpeq
                0x08000ab8                __aeabi_cdcmple
                0x08000ac8                __aeabi_dcmpeq
                0x08000adc                __aeabi_dcmplt
                0x08000af0                __aeabi_dcmple
                0x08000b04                __aeabi_dcmpge
                0x08000b18                __aeabi_dcmpgt
 .text          0x08000b2c       0x2c C:/ST/STM32CubeIDE_1.19.0/STM32CubeIDE/plugins/com.st.stm32cube.ide.mcu.externaltools.gnu-tools-for-stm32.13.3.rel1.win32_1.0.0.202411081344/tools/bin/../lib/gcc/arm-none-eabi/13.3.1/thumb/v7e-m+fp/hard\libgcc.a(_arm_unorddf2.o)
                0x08000b2c                __unorddf2
                0x08000b2c                __aeabi_dcmpun
 .text          0x08000b58       0x50 C:/ST/STM32CubeIDE_1.19.0/STM32CubeIDE/plugins/com.st.stm32cube.ide.mcu.externaltools.gnu-tools-for-stm32.13.3.rel1.win32_1.0.0.202411081344/tools/bin/../lib/gcc/arm-none-eabi/13.3.1/thumb/v7e-m+fp/hard\libgcc.a(_arm_fixdfsi.o)
                0x08000b58                __aeabi_d2iz
                0x08000b58                __fixdfsi
 .text          0x08000ba8       0xa0 C:/ST/STM32CubeIDE_1.19.0/STM32CubeIDE/plugins/com.st.stm32cube.ide.mcu.externaltools.gnu-tools-for-stm32.13.3.rel1.win32_1.0.0.202411081344/tools/bin/../lib/gcc/arm-none-eabi/13.3.1/thumb/v7e-m+fp/hard\libgcc.a(_arm_truncdfsf2.o)
                0x08000ba8                __truncdfsf2
                0x08000ba8                __aeabi_d2f
 .text          0x08000c48       0x30 C:/ST/STM32CubeIDE_1.19.0/STM32CubeIDE/plugins/com.st.stm32cube.ide.mcu.externaltools.gnu-tools-for-stm32.13.3.rel1.win32_1.0.0.202411081344/tools/bin/../lib/gcc/arm-none-eabi/13.3.1/thumb/v7e-m+fp/hard\libgcc.a(_aeabi_uldivmod.o)
                0x08000c48                __aeabi_uldivmod
 .text          0x08000c78      0x2f8 C:/ST/STM32CubeIDE_1.19.0/STM32CubeIDE/plugins/com.st.stm32cube.ide.mcu.externaltools.gnu-tools-for-stm32.13.3.rel1.win32_1.0.0.202411081344/tools/bin/../lib/gcc/arm-none-eabi/13.3.1/thumb/v7e-m+fp/hard\libgcc.a(_udivmoddi4.o)
                0x08000c78                __udivmoddi4
 .text          0x08000f70        0x4 C:/ST/STM32CubeIDE_1.19.0/STM32CubeIDE/plugins/com.st.stm32cube.ide.mcu.externaltools.gnu-tools-for-stm32.13.3.rel1.win32_1.0.0.202411081344/tools/bin/../lib/gcc/arm-none-eabi/13.3.1/thumb/v7e-m+fp/hard\libgcc.a(_dvmd_tls.o)
                0x08000f70                __aeabi_idiv0
                0x08000f70                __aeabi_ldiv0
 *(.text*)
 .text.MX_DMA_Init
                0x08000f74       0x50 ./Core/Src/dma.o
                0x08000f74                MX_DMA_Init
 .text.MX_GPIO_Init
                0x08000fc4       0xf0 ./Core/Src/gpio.o
                0x08000fc4                MX_GPIO_Init
 .text.MX_I2C3_Init
                0x080010b4       0x5c ./Core/Src/i2c.o
                0x080010b4                MX_I2C3_Init
 .text.HAL_I2C_MspInit
                0x08001110       0xd4 ./Core/Src/i2c.o
                0x08001110                HAL_I2C_MspInit
 .text.main     0x080011e4       0x2e ./Core/Src/main.o
                0x080011e4                main
 *fill*         0x08001212        0x2 
 .text.SystemClock_Config
                0x08001214       0xd4 ./Core/Src/main.o
                0x08001214                SystemClock_Config
 .text.Error_Handler
                0x080012e8        0xc ./Core/Src/main.o
                0x080012e8                Error_Handler
 .text._ZN3ros4TimeC2Ev
                0x080012f4       0x22 ./Core/Src/mainpp.o
                0x080012f4                ros::Time::Time()
                0x080012f4                ros::Time::Time()
 *fill*         0x08001316        0x2 
 .text._ZN3ros3MsgC2Ev
                0x08001318       0x20 ./Core/Src/mainpp.o
                0x08001318                ros::Msg::Msg()
                0x08001318                ros::Msg::Msg()
 .text._ZN8std_msgs4TimeC2Ev
                0x08001338       0x30 ./Core/Src/mainpp.o
                0x08001338                std_msgs::Time::Time()
                0x08001338                std_msgs::Time::Time()
 .text._ZNK8std_msgs4Time9serializeEPh
                0x08001368       0xb0 ./Core/Src/mainpp.o
                0x08001368                std_msgs::Time::serialize(unsigned char*) const
 .text._ZN8std_msgs4Time11deserializeEPh
                0x08001418       0xc8 ./Core/Src/mainpp.o
                0x08001418                std_msgs::Time::deserialize(unsigned char*)
 .text._ZN8std_msgs4Time7getTypeEv
                0x080014e0       0x1c ./Core/Src/mainpp.o
                0x080014e0                std_msgs::Time::getType()
 .text._ZN8std_msgs4Time6getMD5Ev
                0x080014fc       0x1c ./Core/Src/mainpp.o
                0x080014fc                std_msgs::Time::getMD5()
 .text._ZN14rosserial_msgs9TopicInfoC2Ev
                0x08001518       0x48 ./Core/Src/mainpp.o
                0x08001518                rosserial_msgs::TopicInfo::TopicInfo()
                0x08001518                rosserial_msgs::TopicInfo::TopicInfo()
 .text._ZNK14rosserial_msgs9TopicInfo9serializeEPh
                0x08001560      0x136 ./Core/Src/mainpp.o
                0x08001560                rosserial_msgs::TopicInfo::serialize(unsigned char*) const
 .text._ZN14rosserial_msgs9TopicInfo11deserializeEPh
                0x08001696      0x1d2 ./Core/Src/mainpp.o
                0x08001696                rosserial_msgs::TopicInfo::deserialize(unsigned char*)
 .text._ZN14rosserial_msgs9TopicInfo7getTypeEv
                0x08001868       0x1c ./Core/Src/mainpp.o
                0x08001868                rosserial_msgs::TopicInfo::getType()
 .text._ZN14rosserial_msgs9TopicInfo6getMD5Ev
                0x08001884       0x1c ./Core/Src/mainpp.o
                0x08001884                rosserial_msgs::TopicInfo::getMD5()
 .text._ZN14rosserial_msgs3LogC2Ev
                0x080018a0       0x34 ./Core/Src/mainpp.o
                0x080018a0                rosserial_msgs::Log::Log()
                0x080018a0                rosserial_msgs::Log::Log()
 .text._ZNK14rosserial_msgs3Log9serializeEPh
                0x080018d4       0x64 ./Core/Src/mainpp.o
                0x080018d4                rosserial_msgs::Log::serialize(unsigned char*) const
 .text._ZN14rosserial_msgs3Log11deserializeEPh
                0x08001938       0x90 ./Core/Src/mainpp.o
                0x08001938                rosserial_msgs::Log::deserialize(unsigned char*)
 .text._ZN14rosserial_msgs3Log7getTypeEv
                0x080019c8       0x1c ./Core/Src/mainpp.o
                0x080019c8                rosserial_msgs::Log::getType()
 .text._ZN14rosserial_msgs3Log6getMD5Ev
                0x080019e4       0x1c ./Core/Src/mainpp.o
                0x080019e4                rosserial_msgs::Log::getMD5()
 .text._ZN14rosserial_msgs20RequestParamResponseC2Ev
                0x08001a00       0x5c ./Core/Src/mainpp.o
                0x08001a00                rosserial_msgs::RequestParamResponse::RequestParamResponse()
                0x08001a00                rosserial_msgs::RequestParamResponse::RequestParamResponse()
 .text._ZNK14rosserial_msgs20RequestParamResponse9serializeEPh
                0x08001a5c      0x222 ./Core/Src/mainpp.o
                0x08001a5c                rosserial_msgs::RequestParamResponse::serialize(unsigned char*) const
 .text._ZN14rosserial_msgs20RequestParamResponse11deserializeEPh
                0x08001c7e      0x2e2 ./Core/Src/mainpp.o
                0x08001c7e                rosserial_msgs::RequestParamResponse::deserialize(unsigned char*)
 .text._ZN14rosserial_msgs20RequestParamResponse7getTypeEv
                0x08001f60       0x1c ./Core/Src/mainpp.o
                0x08001f60                rosserial_msgs::RequestParamResponse::getType()
 .text._ZN14rosserial_msgs20RequestParamResponse6getMD5Ev
                0x08001f7c       0x1c ./Core/Src/mainpp.o
                0x08001f7c                rosserial_msgs::RequestParamResponse::getMD5()
 .text._ZN3ros9PublisherC2EPKcPNS_3MsgEi
                0x08001f98       0x2e ./Core/Src/mainpp.o
                0x08001f98                ros::Publisher::Publisher(char const*, ros::Msg*, int)
                0x08001f98                ros::Publisher::Publisher(char const*, ros::Msg*, int)
 .text._ZN3ros9Publisher7publishEPKNS_3MsgE
                0x08001fc6       0x28 ./Core/Src/mainpp.o
                0x08001fc6                ros::Publisher::publish(ros::Msg const*)
 .text._ZN3ros9Publisher15getEndpointTypeEv
                0x08001fee       0x18 ./Core/Src/mainpp.o
                0x08001fee                ros::Publisher::getEndpointType()
 .text._ZN13STM32Hardware10getRdmaIndEv
                0x08002006       0x26 ./Core/Src/mainpp.o
                0x08002006                STM32Hardware::getRdmaInd()
 .text._ZN13STM32HardwareC2Ev
                0x0800202c       0x44 ./Core/Src/mainpp.o
                0x0800202c                STM32Hardware::STM32Hardware()
                0x0800202c                STM32Hardware::STM32Hardware()
 .text._ZN13STM32Hardware4initEv
                0x08002070       0x16 ./Core/Src/mainpp.o
                0x08002070                STM32Hardware::init()
 .text._ZN13STM32Hardware10reset_rbufEv
                0x08002086       0x22 ./Core/Src/mainpp.o
                0x08002086                STM32Hardware::reset_rbuf()
 .text._ZN13STM32Hardware4readEv
                0x080020a8       0x64 ./Core/Src/mainpp.o
                0x080020a8                STM32Hardware::read()
 .text._ZN13STM32Hardware5flushEv
                0x0800210c       0xd0 ./Core/Src/mainpp.o
                0x0800210c                STM32Hardware::flush()
 .text._ZN13STM32Hardware5writeEPhi
                0x080021dc       0x9a ./Core/Src/mainpp.o
                0x080021dc                STM32Hardware::write(unsigned char*, int)
 .text._ZN13STM32Hardware4timeEv
                0x08002276       0x16 ./Core/Src/mainpp.o
                0x08002276                STM32Hardware::time()
 .text._ZN8std_msgs6HeaderC2Ev
                0x0800228c       0x40 ./Core/Src/mainpp.o
                0x0800228c                std_msgs::Header::Header()
                0x0800228c                std_msgs::Header::Header()
 .text._ZNK8std_msgs6Header9serializeEPh
                0x080022cc      0x130 ./Core/Src/mainpp.o
                0x080022cc                std_msgs::Header::serialize(unsigned char*) const
 .text._ZN8std_msgs6Header11deserializeEPh
                0x080023fc      0x180 ./Core/Src/mainpp.o
                0x080023fc                std_msgs::Header::deserialize(unsigned char*)
 .text._ZN8std_msgs6Header7getTypeEv
                0x0800257c       0x1c ./Core/Src/mainpp.o
                0x0800257c                std_msgs::Header::getType()
 .text._ZN8std_msgs6Header6getMD5Ev
                0x08002598       0x1c ./Core/Src/mainpp.o
                0x08002598                std_msgs::Header::getMD5()
 .text._ZN13geometry_msgs10QuaternionC2Ev
                0x080025b4       0x5c ./Core/Src/mainpp.o
                0x080025b4                geometry_msgs::Quaternion::Quaternion()
                0x080025b4                geometry_msgs::Quaternion::Quaternion()
 .text._ZNK13geometry_msgs10Quaternion9serializeEPh
                0x08002610      0x3d4 ./Core/Src/mainpp.o
                0x08002610                geometry_msgs::Quaternion::serialize(unsigned char*) const
 .text._ZN13geometry_msgs10Quaternion11deserializeEPh
                0x080029e4      0x914 ./Core/Src/mainpp.o
                0x080029e4                geometry_msgs::Quaternion::deserialize(unsigned char*)
 .text._ZN13geometry_msgs10Quaternion7getTypeEv
                0x080032f8       0x1c ./Core/Src/mainpp.o
                0x080032f8                geometry_msgs::Quaternion::getType()
 .text._ZN13geometry_msgs10Quaternion6getMD5Ev
                0x08003314       0x1c ./Core/Src/mainpp.o
                0x08003314                geometry_msgs::Quaternion::getMD5()
 .text._ZN13geometry_msgs7Vector3C2Ev
                0x08003330       0x50 ./Core/Src/mainpp.o
                0x08003330                geometry_msgs::Vector3::Vector3()
                0x08003330                geometry_msgs::Vector3::Vector3()
 .text._ZNK13geometry_msgs7Vector39serializeEPh
                0x08003380      0x2e6 ./Core/Src/mainpp.o
                0x08003380                geometry_msgs::Vector3::serialize(unsigned char*) const
 .text._ZN13geometry_msgs7Vector311deserializeEPh
                0x08003666      0x6be ./Core/Src/mainpp.o
                0x08003666                geometry_msgs::Vector3::deserialize(unsigned char*)
 .text._ZN13geometry_msgs7Vector37getTypeEv
                0x08003d24       0x1c ./Core/Src/mainpp.o
                0x08003d24                geometry_msgs::Vector3::getType()
 .text._ZN13geometry_msgs7Vector36getMD5Ev
                0x08003d40       0x1c ./Core/Src/mainpp.o
                0x08003d40                geometry_msgs::Vector3::getMD5()
 .text._ZN11sensor_msgs3ImuC2Ev
                0x08003d5c       0xa8 ./Core/Src/mainpp.o
                0x08003d5c                sensor_msgs::Imu::Imu()
                0x08003d5c                sensor_msgs::Imu::Imu()
 .text._ZNK11sensor_msgs3Imu9serializeEPh
                0x08003e04      0x39c ./Core/Src/mainpp.o
                0x08003e04                sensor_msgs::Imu::serialize(unsigned char*) const
 .text._ZN11sensor_msgs3Imu11deserializeEPh
                0x080041a0      0x7ba ./Core/Src/mainpp.o
                0x080041a0                sensor_msgs::Imu::deserialize(unsigned char*)
 *fill*         0x0800495a        0x2 
 .text._ZN11sensor_msgs3Imu7getTypeEv
                0x0800495c       0x1c ./Core/Src/mainpp.o
                0x0800495c                sensor_msgs::Imu::getType()
 .text._ZN11sensor_msgs3Imu6getMD5Ev
                0x08004978       0x1c ./Core/Src/mainpp.o
                0x08004978                sensor_msgs::Imu::getMD5()
 .text._ZN13geometry_msgs5TwistC2Ev
                0x08004994       0x38 ./Core/Src/mainpp.o
                0x08004994                geometry_msgs::Twist::Twist()
                0x08004994                geometry_msgs::Twist::Twist()
 .text._ZNK13geometry_msgs5Twist9serializeEPh
                0x080049cc       0x4c ./Core/Src/mainpp.o
                0x080049cc                geometry_msgs::Twist::serialize(unsigned char*) const
 .text._ZN13geometry_msgs5Twist11deserializeEPh
                0x08004a18       0x4c ./Core/Src/mainpp.o
                0x08004a18                geometry_msgs::Twist::deserialize(unsigned char*)
 .text._ZN13geometry_msgs5Twist7getTypeEv
                0x08004a64       0x1c ./Core/Src/mainpp.o
                0x08004a64                geometry_msgs::Twist::getType()
 .text._ZN13geometry_msgs5Twist6getMD5Ev
                0x08004a80       0x1c ./Core/Src/mainpp.o
                0x08004a80                geometry_msgs::Twist::getMD5()
 .text._ZN8std_msgs7Float32C2Ev
                0x08004a9c       0x2c ./Core/Src/mainpp.o
                0x08004a9c                std_msgs::Float32::Float32()
                0x08004a9c                std_msgs::Float32::Float32()
 .text._ZNK8std_msgs7Float329serializeEPh
                0x08004ac8       0x64 ./Core/Src/mainpp.o
                0x08004ac8                std_msgs::Float32::serialize(unsigned char*) const
 .text._ZN8std_msgs7Float3211deserializeEPh
                0x08004b2c       0x70 ./Core/Src/mainpp.o
                0x08004b2c                std_msgs::Float32::deserialize(unsigned char*)
 .text._ZN8std_msgs7Float327getTypeEv
                0x08004b9c       0x1c ./Core/Src/mainpp.o
                0x08004b9c                std_msgs::Float32::getType()
 .text._ZN8std_msgs7Float326getMD5Ev
                0x08004bb8       0x1c ./Core/Src/mainpp.o
                0x08004bb8                std_msgs::Float32::getMD5()
 .text._ZN13geometry_msgs5PointC2Ev
                0x08004bd4       0x50 ./Core/Src/mainpp.o
                0x08004bd4                geometry_msgs::Point::Point()
                0x08004bd4                geometry_msgs::Point::Point()
 .text._ZNK13geometry_msgs5Point9serializeEPh
                0x08004c24      0x2e6 ./Core/Src/mainpp.o
                0x08004c24                geometry_msgs::Point::serialize(unsigned char*) const
 .text._ZN13geometry_msgs5Point11deserializeEPh
                0x08004f0a      0x6be ./Core/Src/mainpp.o
                0x08004f0a                geometry_msgs::Point::deserialize(unsigned char*)
 .text._ZN13geometry_msgs5Point7getTypeEv
                0x080055c8       0x1c ./Core/Src/mainpp.o
                0x080055c8                geometry_msgs::Point::getType()
 .text._ZN13geometry_msgs5Point6getMD5Ev
                0x080055e4       0x1c ./Core/Src/mainpp.o
                0x080055e4                geometry_msgs::Point::getMD5()
 .text._ZN13geometry_msgs4PoseC2Ev
                0x08005600       0x38 ./Core/Src/mainpp.o
                0x08005600                geometry_msgs::Pose::Pose()
                0x08005600                geometry_msgs::Pose::Pose()
 .text._ZNK13geometry_msgs4Pose9serializeEPh
                0x08005638       0x4c ./Core/Src/mainpp.o
                0x08005638                geometry_msgs::Pose::serialize(unsigned char*) const
 .text._ZN13geometry_msgs4Pose11deserializeEPh
                0x08005684       0x4c ./Core/Src/mainpp.o
                0x08005684                geometry_msgs::Pose::deserialize(unsigned char*)
 .text._ZN13geometry_msgs4Pose7getTypeEv
                0x080056d0       0x1c ./Core/Src/mainpp.o
                0x080056d0                geometry_msgs::Pose::getType()
 .text._ZN13geometry_msgs4Pose6getMD5Ev
                0x080056ec       0x1c ./Core/Src/mainpp.o
                0x080056ec                geometry_msgs::Pose::getMD5()
 .text._ZN13geometry_msgs18PoseWithCovarianceC2Ev
                0x08005708       0x4c ./Core/Src/mainpp.o
                0x08005708                geometry_msgs::PoseWithCovariance::PoseWithCovariance()
                0x08005708                geometry_msgs::PoseWithCovariance::PoseWithCovariance()
 .text._ZNK13geometry_msgs18PoseWithCovariance9serializeEPh
                0x08005754      0x13c ./Core/Src/mainpp.o
                0x08005754                geometry_msgs::PoseWithCovariance::serialize(unsigned char*) const
 .text._ZN13geometry_msgs18PoseWithCovariance11deserializeEPh
                0x08005890      0x240 ./Core/Src/mainpp.o
                0x08005890                geometry_msgs::PoseWithCovariance::deserialize(unsigned char*)
 .text._ZN13geometry_msgs18PoseWithCovariance7getTypeEv
                0x08005ad0       0x1c ./Core/Src/mainpp.o
                0x08005ad0                geometry_msgs::PoseWithCovariance::getType()
 .text._ZN13geometry_msgs18PoseWithCovariance6getMD5Ev
                0x08005aec       0x1c ./Core/Src/mainpp.o
                0x08005aec                geometry_msgs::PoseWithCovariance::getMD5()
 .text._ZN13geometry_msgs19TwistWithCovarianceC2Ev
                0x08005b08       0x4c ./Core/Src/mainpp.o
                0x08005b08                geometry_msgs::TwistWithCovariance::TwistWithCovariance()
                0x08005b08                geometry_msgs::TwistWithCovariance::TwistWithCovariance()
 .text._ZNK13geometry_msgs19TwistWithCovariance9serializeEPh
                0x08005b54      0x13c ./Core/Src/mainpp.o
                0x08005b54                geometry_msgs::TwistWithCovariance::serialize(unsigned char*) const
 .text._ZN13geometry_msgs19TwistWithCovariance11deserializeEPh
                0x08005c90      0x240 ./Core/Src/mainpp.o
                0x08005c90                geometry_msgs::TwistWithCovariance::deserialize(unsigned char*)
 .text._ZN13geometry_msgs19TwistWithCovariance7getTypeEv
                0x08005ed0       0x1c ./Core/Src/mainpp.o
                0x08005ed0                geometry_msgs::TwistWithCovariance::getType()
 .text._ZN13geometry_msgs19TwistWithCovariance6getMD5Ev
                0x08005eec       0x1c ./Core/Src/mainpp.o
                0x08005eec                geometry_msgs::TwistWithCovariance::getMD5()
 .text._ZN8nav_msgs8OdometryC2Ev
                0x08005f08       0x50 ./Core/Src/mainpp.o
                0x08005f08                nav_msgs::Odometry::Odometry()
                0x08005f08                nav_msgs::Odometry::Odometry()
 .text._ZNK8nav_msgs8Odometry9serializeEPh
                0x08005f58       0x9e ./Core/Src/mainpp.o
                0x08005f58                nav_msgs::Odometry::serialize(unsigned char*) const
 .text._ZN8nav_msgs8Odometry11deserializeEPh
                0x08005ff6       0xca ./Core/Src/mainpp.o
                0x08005ff6                nav_msgs::Odometry::deserialize(unsigned char*)
 .text._ZN8nav_msgs8Odometry7getTypeEv
                0x080060c0       0x1c ./Core/Src/mainpp.o
                0x080060c0                nav_msgs::Odometry::getType()
 .text._ZN8nav_msgs8Odometry6getMD5Ev
                0x080060dc       0x1c ./Core/Src/mainpp.o
                0x080060dc                nav_msgs::Odometry::getMD5()
 .text._ZN3ros15NodeHandleBase_C2Ev
                0x080060f8       0x20 ./Core/Src/mainpp.o
                0x080060f8                ros::NodeHandleBase_::NodeHandleBase_()
                0x080060f8                ros::NodeHandleBase_::NodeHandleBase_()
 .text._ZN3ros11NodeHandle_I13STM32HardwareLi25ELi25ELi8192ELi8192EEC2Ev
                0x08006118      0x140 ./Core/Src/mainpp.o
                0x08006118                ros::NodeHandle_<STM32Hardware, 25, 25, 8192, 8192>::NodeHandle_()
                0x08006118                ros::NodeHandle_<STM32Hardware, 25, 25, 8192, 8192>::NodeHandle_()
 .text.HAL_UART_TxCpltCallback
                0x08006258       0x30 ./Core/Src/mainpp.o
                0x08006258                HAL_UART_TxCpltCallback
 .text.HAL_UART_RxCpltCallback
                0x08006288       0x30 ./Core/Src/mainpp.o
                0x08006288                HAL_UART_RxCpltCallback
 .text._ZL6clampffff
                0x080062b8       0x52 ./Core/Src/mainpp.o
 *fill*         0x0800630a        0x2 
 .text._ZL7deg2radf
                0x0800630c       0x28 ./Core/Src/mainpp.o
 .text._ZL7rad2degf
                0x08006334       0x28 ./Core/Src/mainpp.o
 .text._ZL17motor_set_percentf
                0x0800635c       0xac ./Core/Src/mainpp.o
 .text._ZL20servo_pulse_from_degf
                0x08006408       0x74 ./Core/Src/mainpp.o
 .text._ZL15servo_write_degf
                0x0800647c       0x28 ./Core/Src/mainpp.o
 .text._ZL7read_ABv
                0x080064a4       0x50 ./Core/Src/mainpp.o
 .text._ZL6qdeltahh
                0x080064f4       0x2c ./Core/Src/mainpp.o
 .text._ZL17encoder_soft_initv
                0x08006520       0x18 ./Core/Src/mainpp.o
 .text.HAL_GPIO_EXTI_Callback
                0x08006538       0x54 ./Core/Src/mainpp.o
                0x08006538                HAL_GPIO_EXTI_Callback
 .text._ZL20encoder_update_speedf
                0x0800658c       0x7c ./Core/Src/mainpp.o
 .text._ZL4slewffff
                0x08006608       0x88 ./Core/Src/mainpp.o
 .text._ZL15speed_pi_updatefff
                0x08006690       0x9c ./Core/Src/mainpp.o
 .text._ZL9cmdvel_cbRKN13geometry_msgs5TwistE
                0x0800672c       0x84 ./Core/Src/mainpp.o
 .text._ZL12imu_msg_initv
                0x080067b0       0x80 ./Core/Src/mainpp.o
 .text._ZL15publish_imu_nowv
                0x08006830       0xe0 ./Core/Src/mainpp.o
 .text.setup    0x08006910       0x98 ./Core/Src/mainpp.o
                0x08006910                setup
 .text.loop     0x080069a8      0x3dc ./Core/Src/mainpp.o
                0x080069a8                loop
 .text._ZN3ros3Msg8varToArrIPhmEEvT_T0_
                0x08006d84       0x3e ./Core/Src/mainpp.o
                0x08006d84                void ros::Msg::varToArr<unsigned char*, unsigned long>(unsigned char*, unsigned long)
 .text._ZN3ros3Msg8arrToVarImPhEEvRT_T0_
                0x08006dc2       0x4c ./Core/Src/mainpp.o
                0x08006dc2                void ros::Msg::arrToVar<unsigned long, unsigned char*>(unsigned long&, unsigned char*)
 .text._ZN3ros11NodeHandle_I13STM32HardwareLi25ELi25ELi8192ELi8192EE11getHardwareEv
                0x08006e0e       0x18 ./Core/Src/mainpp.o
                0x08006e0e                ros::NodeHandle_<STM32Hardware, 25, 25, 8192, 8192>::getHardware()
 *fill*         0x08006e26        0x2 
 .text._ZN3ros11Subscriber_C2Ev
                0x08006e28       0x20 ./Core/Src/mainpp.o
                0x08006e28                ros::Subscriber_::Subscriber_()
                0x08006e28                ros::Subscriber_::Subscriber_()
 .text._ZN3ros10SubscriberIN13geometry_msgs5TwistEvEC2EPKcPFvRKS2_Ei
                0x08006e48       0x48 ./Core/Src/mainpp.o
                0x08006e48                ros::Subscriber<geometry_msgs::Twist, void>::Subscriber(char const*, void (*)(geometry_msgs::Twist const&), int)
                0x08006e48                ros::Subscriber<geometry_msgs::Twist, void>::Subscriber(char const*, void (*)(geometry_msgs::Twist const&), int)
 .text._ZN3ros11NodeHandle_I13STM32HardwareLi25ELi25ELi8192ELi8192EE3nowEv
                0x08006e90       0x7c ./Core/Src/mainpp.o
                0x08006e90                ros::NodeHandle_<STM32Hardware, 25, 25, 8192, 8192>::now()
 .text._ZN3ros11NodeHandle_I13STM32HardwareLi25ELi25ELi8192ELi8192EE8initNodeEv
                0x08006f0c       0x52 ./Core/Src/mainpp.o
                0x08006f0c                ros::NodeHandle_<STM32Hardware, 25, 25, 8192, 8192>::initNode()
 .text._ZN3ros11NodeHandle_I13STM32HardwareLi25ELi25ELi8192ELi8192EE9advertiseERNS_9PublisherE
                0x08006f5e       0x64 ./Core/Src/mainpp.o
                0x08006f5e                ros::NodeHandle_<STM32Hardware, 25, 25, 8192, 8192>::advertise(ros::Publisher&)
 .text._ZN3ros11NodeHandle_I13STM32HardwareLi25ELi25ELi8192ELi8192EE9subscribeERNS_11Subscriber_E
                0x08006fc2       0x5a ./Core/Src/mainpp.o
                0x08006fc2                ros::NodeHandle_<STM32Hardware, 25, 25, 8192, 8192>::subscribe(ros::Subscriber_&)
 .text._ZN3ros11NodeHandle_I13STM32HardwareLi25ELi25ELi8192ELi8192EE8spinOnceEv
                0x0800701c      0x51a ./Core/Src/mainpp.o
                0x0800701c                ros::NodeHandle_<STM32Hardware, 25, 25, 8192, 8192>::spinOnce()
 .text._ZN3ros11NodeHandle_I13STM32HardwareLi25ELi25ELi8192ELi8192EE15requestSyncTimeEv
                0x08007536       0x3e ./Core/Src/mainpp.o
                0x08007536                ros::NodeHandle_<STM32Hardware, 25, 25, 8192, 8192>::requestSyncTime()
 .text._ZN3ros11NodeHandle_I13STM32HardwareLi25ELi25ELi8192ELi8192EE15negotiateTopicsEv
                0x08007574      0x1e4 ./Core/Src/mainpp.o
                0x08007574                ros::NodeHandle_<STM32Hardware, 25, 25, 8192, 8192>::negotiateTopics()
 .text._ZN3ros11NodeHandle_I13STM32HardwareLi25ELi25ELi8192ELi8192EE8syncTimeEPh
                0x08007758       0x9c ./Core/Src/mainpp.o
                0x08007758                ros::NodeHandle_<STM32Hardware, 25, 25, 8192, 8192>::syncTime(unsigned char*)
 .text._ZN3ros11NodeHandle_I13STM32HardwareLi25ELi25ELi8192ELi8192EE7publishEiPKNS_3MsgE
                0x080077f4      0x158 ./Core/Src/mainpp.o
                0x080077f4                ros::NodeHandle_<STM32Hardware, 25, 25, 8192, 8192>::publish(int, ros::Msg const*)
 .text._ZN3ros11NodeHandle_I13STM32HardwareLi25ELi25ELi8192ELi8192EE6setNowERKNS_4TimeE
                0x0800794c       0x88 ./Core/Src/mainpp.o
                0x0800794c                ros::NodeHandle_<STM32Hardware, 25, 25, 8192, 8192>::setNow(ros::Time const&)
 .text._ZN3ros11NodeHandle_I13STM32HardwareLi25ELi25ELi8192ELi8192EE8logerrorEPKc
                0x080079d4       0x1c ./Core/Src/mainpp.o
                0x080079d4                ros::NodeHandle_<STM32Hardware, 25, 25, 8192, 8192>::logerror(char const*)
 .text._ZN3ros11NodeHandle_I13STM32HardwareLi25ELi25ELi8192ELi8192EE3logEcPKc
                0x080079f0       0x38 ./Core/Src/mainpp.o
                0x080079f0                ros::NodeHandle_<STM32Hardware, 25, 25, 8192, 8192>::log(char, char const*)
 .text._Z41__static_initialization_and_destruction_0v
                0x08007a28       0x84 ./Core/Src/mainpp.o
 .text._ZN3ros10SubscriberIN13geometry_msgs5TwistEvE8callbackEPh
                0x08007aac       0x2a ./Core/Src/mainpp.o
                0x08007aac                ros::Subscriber<geometry_msgs::Twist, void>::callback(unsigned char*)
 .text._ZN3ros10SubscriberIN13geometry_msgs5TwistEvE15getEndpointTypeEv
                0x08007ad6       0x18 ./Core/Src/mainpp.o
                0x08007ad6                ros::Subscriber<geometry_msgs::Twist, void>::getEndpointType()
 .text._ZN3ros10SubscriberIN13geometry_msgs5TwistEvE10getMsgTypeEv
                0x08007aee       0x1c ./Core/Src/mainpp.o
                0x08007aee                ros::Subscriber<geometry_msgs::Twist, void>::getMsgType()
 .text._ZN3ros10SubscriberIN13geometry_msgs5TwistEvE9getMsgMD5Ev
                0x08007b0a       0x1c ./Core/Src/mainpp.o
                0x08007b0a                ros::Subscriber<geometry_msgs::Twist, void>::getMsgMD5()
 .text._ZN3ros11NodeHandle_I13STM32HardwareLi25ELi25ELi8192ELi8192EE9connectedEv
                0x08007b26       0x1e ./Core/Src/mainpp.o
                0x08007b26                ros::NodeHandle_<STM32Hardware, 25, 25, 8192, 8192>::connected()
 .text._GLOBAL__sub_I_HAL_UART_TxCpltCallback
                0x08007b44        0xa ./Core/Src/mainpp.o
 .text.mpu_write
                0x08007b4e       0x34 ./Core/Src/mpu6050.o
 .text.mpu_read_bytes
                0x08007b82       0x38 ./Core/Src/mpu6050.o
 .text.mpu6050_init
                0x08007bba       0xa6 ./Core/Src/mpu6050.o
                0x08007bba                mpu6050_init
 .text.mpu6050_read
                0x08007c60      0x1bc ./Core/Src/mpu6050.o
                0x08007c60                mpu6050_read
 .text.HAL_MspInit
                0x08007e1c       0x50 ./Core/Src/stm32f4xx_hal_msp.o
                0x08007e1c                HAL_MspInit
 .text.NMI_Handler
                0x08007e6c        0x8 ./Core/Src/stm32f4xx_it.o
                0x08007e6c                NMI_Handler
 .text.HardFault_Handler
                0x08007e74        0x8 ./Core/Src/stm32f4xx_it.o
                0x08007e74                HardFault_Handler
 .text.MemManage_Handler
                0x08007e7c        0x8 ./Core/Src/stm32f4xx_it.o
                0x08007e7c                MemManage_Handler
 .text.BusFault_Handler
                0x08007e84        0x8 ./Core/Src/stm32f4xx_it.o
                0x08007e84                BusFault_Handler
 .text.UsageFault_Handler
                0x08007e8c        0x8 ./Core/Src/stm32f4xx_it.o
                0x08007e8c                UsageFault_Handler
 .text.SVC_Handler
                0x08007e94        0xe ./Core/Src/stm32f4xx_it.o
                0x08007e94                SVC_Handler
 .text.DebugMon_Handler
                0x08007ea2        0xe ./Core/Src/stm32f4xx_it.o
                0x08007ea2                DebugMon_Handler
 .text.PendSV_Handler
                0x08007eb0        0xe ./Core/Src/stm32f4xx_it.o
                0x08007eb0                PendSV_Handler
 .text.SysTick_Handler
                0x08007ebe        0xc ./Core/Src/stm32f4xx_it.o
                0x08007ebe                SysTick_Handler
 .text.EXTI9_5_IRQHandler
                0x08007eca       0x14 ./Core/Src/stm32f4xx_it.o
                0x08007eca                EXTI9_5_IRQHandler
 *fill*         0x08007ede        0x2 
 .text.USART1_IRQHandler
                0x08007ee0       0x14 ./Core/Src/stm32f4xx_it.o
                0x08007ee0                USART1_IRQHandler
 .text.DMA2_Stream2_IRQHandler
                0x08007ef4       0x14 ./Core/Src/stm32f4xx_it.o
                0x08007ef4                DMA2_Stream2_IRQHandler
 .text.DMA2_Stream7_IRQHandler
                0x08007f08       0x14 ./Core/Src/stm32f4xx_it.o
                0x08007f08                DMA2_Stream7_IRQHandler
 .text._getpid  0x08007f1c       0x10 ./Core/Src/syscalls.o
                0x08007f1c                _getpid
 .text._kill    0x08007f2c       0x20 ./Core/Src/syscalls.o
                0x08007f2c                _kill
 .text._exit    0x08007f4c       0x16 ./Core/Src/syscalls.o
                0x08007f4c                _exit
 .text._read    0x08007f62       0x3a ./Core/Src/syscalls.o
                0x08007f62                _read
 .text._write   0x08007f9c       0x38 ./Core/Src/syscalls.o
                0x08007f9c                _write
 .text._close   0x08007fd4       0x18 ./Core/Src/syscalls.o
                0x08007fd4                _close
 .text._fstat   0x08007fec       0x20 ./Core/Src/syscalls.o
                0x08007fec                _fstat
 .text._isatty  0x0800800c       0x16 ./Core/Src/syscalls.o
                0x0800800c                _isatty
 .text._lseek   0x08008022       0x1a ./Core/Src/syscalls.o
                0x08008022                _lseek
 .text._sbrk    0x0800803c       0x6c ./Core/Src/sysmem.o
                0x0800803c                _sbrk
 .text.SystemInit
                0x080080a8       0x24 ./Core/Src/system_stm32f4xx.o
                0x080080a8                SystemInit
 .text.MX_TIM8_Init
                0x080080cc      0x120 ./Core/Src/tim.o
                0x080080cc                MX_TIM8_Init
 .text.MX_TIM11_Init
                0x080081ec       0x9c ./Core/Src/tim.o
                0x080081ec                MX_TIM11_Init
 .text.HAL_TIM_PWM_MspInit
                0x08008288       0x44 ./Core/Src/tim.o
                0x08008288                HAL_TIM_PWM_MspInit
 .text.HAL_TIM_Base_MspInit
                0x080082cc       0x44 ./Core/Src/tim.o
                0x080082cc                HAL_TIM_Base_MspInit
 .text.HAL_TIM_MspPostInit
                0x08008310       0xc4 ./Core/Src/tim.o
                0x08008310                HAL_TIM_MspPostInit
 .text._ZN3ros16normalizeSecNSecERmS0_
                0x080083d4       0x58 ./Core/Src/time.o
                0x080083d4                ros::normalizeSecNSec(unsigned long&, unsigned long&)
 .text.MX_USART1_UART_Init
                0x0800842c       0x54 ./Core/Src/usart.o
                0x0800842c                MX_USART1_UART_Init
 .text.HAL_UART_MspInit
                0x08008480      0x16c ./Core/Src/usart.o
                0x08008480                HAL_UART_MspInit
 .text.Reset_Handler
                0x080085ec       0x50 ./Core/Startup/startup_stm32f405rgtx.o
                0x080085ec                Reset_Handler
 .text.Default_Handler
                0x0800863c        0x2 ./Core/Startup/startup_stm32f405rgtx.o
                0x0800863c                RTC_Alarm_IRQHandler
                0x0800863c                HASH_RNG_IRQHandler
                0x0800863c                EXTI2_IRQHandler
                0x0800863c                TIM8_CC_IRQHandler
                0x0800863c                TIM1_CC_IRQHandler
                0x0800863c                DMA2_Stream5_IRQHandler
                0x0800863c                DMA1_Stream5_IRQHandler
                0x0800863c                PVD_IRQHandler
                0x0800863c                SDIO_IRQHandler
                0x0800863c                TAMP_STAMP_IRQHandler
                0x0800863c                CAN2_RX1_IRQHandler
                0x0800863c                EXTI3_IRQHandler
                0x0800863c                TIM8_TRG_COM_TIM14_IRQHandler
                0x0800863c                TIM1_UP_TIM10_IRQHandler
                0x0800863c                TIM8_UP_TIM13_IRQHandler
                0x0800863c                I2C3_ER_IRQHandler
                0x0800863c                EXTI0_IRQHandler
                0x0800863c                I2C2_EV_IRQHandler
                0x0800863c                DMA1_Stream2_IRQHandler
                0x0800863c                CAN1_RX0_IRQHandler
                0x0800863c                FPU_IRQHandler
                0x0800863c                OTG_HS_WKUP_IRQHandler
                0x0800863c                CAN2_SCE_IRQHandler
                0x0800863c                SPI1_IRQHandler
                0x0800863c                TIM6_DAC_IRQHandler
                0x0800863c                TIM1_BRK_TIM9_IRQHandler
                0x0800863c                CAN2_RX0_IRQHandler
                0x0800863c                DMA2_Stream3_IRQHandler
                0x0800863c                USART6_IRQHandler
                0x0800863c                USART3_IRQHandler
                0x0800863c                CAN1_RX1_IRQHandler
                0x0800863c                UART5_IRQHandler
                0x0800863c                DMA2_Stream0_IRQHandler
                0x0800863c                TIM4_IRQHandler
                0x0800863c                I2C1_EV_IRQHandler
                0x0800863c                DMA1_Stream6_IRQHandler
                0x0800863c                DMA1_Stream1_IRQHandler
                0x0800863c                UART4_IRQHandler
                0x0800863c                TIM3_IRQHandler
                0x0800863c                RCC_IRQHandler
                0x0800863c                TIM8_BRK_TIM12_IRQHandler
                0x0800863c                Default_Handler
                0x0800863c                EXTI15_10_IRQHandler
                0x0800863c                ADC_IRQHandler
                0x0800863c                DMA1_Stream7_IRQHandler
                0x0800863c                TIM7_IRQHandler
                0x0800863c                CAN2_TX_IRQHandler
                0x0800863c                TIM5_IRQHandler
                0x0800863c                I2C3_EV_IRQHandler
                0x0800863c                RTC_WKUP_IRQHandler
                0x0800863c                SPI2_IRQHandler
                0x0800863c                OTG_HS_EP1_IN_IRQHandler
                0x0800863c                DMA1_Stream0_IRQHandler
                0x0800863c                CAN1_TX_IRQHandler
                0x0800863c                EXTI4_IRQHandler
                0x0800863c                FSMC_IRQHandler
                0x0800863c                OTG_HS_EP1_OUT_IRQHandler
                0x0800863c                WWDG_IRQHandler
                0x0800863c                TIM2_IRQHandler
                0x0800863c                OTG_FS_WKUP_IRQHandler
                0x0800863c                TIM1_TRG_COM_TIM11_IRQHandler
                0x0800863c                OTG_HS_IRQHandler
                0x0800863c                EXTI1_IRQHandler
                0x0800863c                USART2_IRQHandler
                0x0800863c                I2C2_ER_IRQHandler
                0x0800863c                DMA2_Stream1_IRQHandler
                0x0800863c                CAN1_SCE_IRQHandler
                0x0800863c                FLASH_IRQHandler
                0x0800863c                DMA2_Stream4_IRQHandler
                0x0800863c                OTG_FS_IRQHandler
                0x0800863c                SPI3_IRQHandler
                0x0800863c                DMA1_Stream4_IRQHandler
                0x0800863c                I2C1_ER_IRQHandler
                0x0800863c                DMA2_Stream6_IRQHandler
                0x0800863c                DMA1_Stream3_IRQHandler
 *fill*         0x0800863e        0x2 
 .text.HAL_Init
                0x08008640       0x44 ./Drivers/STM32F4xx_HAL_Driver/Src/stm32f4xx_hal.o
                0x08008640                HAL_Init
 .text.HAL_InitTick
                0x08008684       0x60 ./Drivers/STM32F4xx_HAL_Driver/Src/stm32f4xx_hal.o
                0x08008684                HAL_InitTick
 .text.HAL_IncTick
                0x080086e4       0x28 ./Drivers/STM32F4xx_HAL_Driver/Src/stm32f4xx_hal.o
                0x080086e4                HAL_IncTick
 .text.HAL_GetTick
                0x0800870c       0x18 ./Drivers/STM32F4xx_HAL_Driver/Src/stm32f4xx_hal.o
                0x0800870c                HAL_GetTick
 .text.HAL_Delay
                0x08008724       0x48 ./Drivers/STM32F4xx_HAL_Driver/Src/stm32f4xx_hal.o
                0x08008724                HAL_Delay
 .text.__NVIC_SetPriorityGrouping
                0x0800876c       0x48 ./Drivers/STM32F4xx_HAL_Driver/Src/stm32f4xx_hal_cortex.o
 .text.__NVIC_GetPriorityGrouping
                0x080087b4       0x1c ./Drivers/STM32F4xx_HAL_Driver/Src/stm32f4xx_hal_cortex.o
 .text.__NVIC_EnableIRQ
                0x080087d0       0x3c ./Drivers/STM32F4xx_HAL_Driver/Src/stm32f4xx_hal_cortex.o
 .text.__NVIC_SetPriority
                0x0800880c       0x54 ./Drivers/STM32F4xx_HAL_Driver/Src/stm32f4xx_hal_cortex.o
 .text.NVIC_EncodePriority
                0x08008860       0x66 ./Drivers/STM32F4xx_HAL_Driver/Src/stm32f4xx_hal_cortex.o
 *fill*         0x080088c6        0x2 
 .text.SysTick_Config
                0x080088c8       0x44 ./Drivers/STM32F4xx_HAL_Driver/Src/stm32f4xx_hal_cortex.o
 .text.HAL_NVIC_SetPriorityGrouping
                0x0800890c       0x16 ./Drivers/STM32F4xx_HAL_Driver/Src/stm32f4xx_hal_cortex.o
                0x0800890c                HAL_NVIC_SetPriorityGrouping
 .text.HAL_NVIC_SetPriority
                0x08008922       0x38 ./Drivers/STM32F4xx_HAL_Driver/Src/stm32f4xx_hal_cortex.o
                0x08008922                HAL_NVIC_SetPriority
 .text.HAL_NVIC_EnableIRQ
                0x0800895a       0x1c ./Drivers/STM32F4xx_HAL_Driver/Src/stm32f4xx_hal_cortex.o
                0x0800895a                HAL_NVIC_EnableIRQ
 .text.HAL_SYSTICK_Config
                0x08008976       0x18 ./Drivers/STM32F4xx_HAL_Driver/Src/stm32f4xx_hal_cortex.o
                0x08008976                HAL_SYSTICK_Config
 *fill*         0x0800898e        0x2 
 .text.HAL_DMA_Init
                0x08008990      0x15c ./Drivers/STM32F4xx_HAL_Driver/Src/stm32f4xx_hal_dma.o
                0x08008990                HAL_DMA_Init
 .text.HAL_DMA_Start_IT
                0x08008aec       0xb0 ./Drivers/STM32F4xx_HAL_Driver/Src/stm32f4xx_hal_dma.o
                0x08008aec                HAL_DMA_Start_IT
 .text.HAL_DMA_Abort
                0x08008b9c       0xe0 ./Drivers/STM32F4xx_HAL_Driver/Src/stm32f4xx_hal_dma.o
                0x08008b9c                HAL_DMA_Abort
 .text.HAL_DMA_Abort_IT
                0x08008c7c       0x44 ./Drivers/STM32F4xx_HAL_Driver/Src/stm32f4xx_hal_dma.o
                0x08008c7c                HAL_DMA_Abort_IT
 .text.HAL_DMA_IRQHandler
                0x08008cc0      0x314 ./Drivers/STM32F4xx_HAL_Driver/Src/stm32f4xx_hal_dma.o
                0x08008cc0                HAL_DMA_IRQHandler
 .text.DMA_SetConfig
                0x08008fd4       0x5c ./Drivers/STM32F4xx_HAL_Driver/Src/stm32f4xx_hal_dma.o
 .text.DMA_CalcBaseAndBitshift
                0x08009030       0x6c ./Drivers/STM32F4xx_HAL_Driver/Src/stm32f4xx_hal_dma.o
 .text.DMA_CheckFifoParam
                0x0800909c       0xf8 ./Drivers/STM32F4xx_HAL_Driver/Src/stm32f4xx_hal_dma.o
 .text.HAL_GPIO_Init
                0x08009194      0x338 ./Drivers/STM32F4xx_HAL_Driver/Src/stm32f4xx_hal_gpio.o
                0x08009194                HAL_GPIO_Init
 .text.HAL_GPIO_ReadPin
                0x080094cc       0x30 ./Drivers/STM32F4xx_HAL_Driver/Src/stm32f4xx_hal_gpio.o
                0x080094cc                HAL_GPIO_ReadPin
 .text.HAL_GPIO_WritePin
                0x080094fc       0x32 ./Drivers/STM32F4xx_HAL_Driver/Src/stm32f4xx_hal_gpio.o
                0x080094fc                HAL_GPIO_WritePin
 *fill*         0x0800952e        0x2 
 .text.HAL_GPIO_EXTI_IRQHandler
                0x08009530       0x30 ./Drivers/STM32F4xx_HAL_Driver/Src/stm32f4xx_hal_gpio.o
                0x08009530                HAL_GPIO_EXTI_IRQHandler
 .text.HAL_I2C_Init
                0x08009560      0x288 ./Drivers/STM32F4xx_HAL_Driver/Src/stm32f4xx_hal_i2c.o
                0x08009560                HAL_I2C_Init
 .text.HAL_I2C_Mem_Write
                0x080097e8      0x1f4 ./Drivers/STM32F4xx_HAL_Driver/Src/stm32f4xx_hal_i2c.o
                0x080097e8                HAL_I2C_Mem_Write
 .text.HAL_I2C_Mem_Read
                0x080099dc      0x464 ./Drivers/STM32F4xx_HAL_Driver/Src/stm32f4xx_hal_i2c.o
                0x080099dc                HAL_I2C_Mem_Read
 .text.I2C_RequestMemoryWrite
                0x08009e40      0x12c ./Drivers/STM32F4xx_HAL_Driver/Src/stm32f4xx_hal_i2c.o
 .text.I2C_RequestMemoryRead
                0x08009f6c      0x1d0 ./Drivers/STM32F4xx_HAL_Driver/Src/stm32f4xx_hal_i2c.o
 .text.I2C_WaitOnFlagUntilTimeout
                0x0800a13c       0xf4 ./Drivers/STM32F4xx_HAL_Driver/Src/stm32f4xx_hal_i2c.o
 .text.I2C_WaitOnMasterAddressFlagUntilTimeout
                0x0800a230      0x140 ./Drivers/STM32F4xx_HAL_Driver/Src/stm32f4xx_hal_i2c.o
 .text.I2C_WaitOnTXEFlagUntilTimeout
                0x0800a370       0x90 ./Drivers/STM32F4xx_HAL_Driver/Src/stm32f4xx_hal_i2c.o
 .text.I2C_WaitOnBTFFlagUntilTimeout
                0x0800a400       0x90 ./Drivers/STM32F4xx_HAL_Driver/Src/stm32f4xx_hal_i2c.o
 .text.I2C_WaitOnRXNEFlagUntilTimeout
                0x0800a490       0xba ./Drivers/STM32F4xx_HAL_Driver/Src/stm32f4xx_hal_i2c.o
 .text.I2C_IsAcknowledgeFailed
                0x0800a54a       0x5e ./Drivers/STM32F4xx_HAL_Driver/Src/stm32f4xx_hal_i2c.o
 .text.HAL_RCC_OscConfig
                0x0800a5a8      0x4f0 ./Drivers/STM32F4xx_HAL_Driver/Src/stm32f4xx_hal_rcc.o
                0x0800a5a8                HAL_RCC_OscConfig
 .text.HAL_RCC_ClockConfig
                0x0800aa98      0x1cc ./Drivers/STM32F4xx_HAL_Driver/Src/stm32f4xx_hal_rcc.o
                0x0800aa98                HAL_RCC_ClockConfig
 .text.HAL_RCC_GetSysClockFreq
                0x0800ac64      0x208 ./Drivers/STM32F4xx_HAL_Driver/Src/stm32f4xx_hal_rcc.o
                0x0800ac64                HAL_RCC_GetSysClockFreq
 .text.HAL_RCC_GetHCLKFreq
                0x0800ae6c       0x18 ./Drivers/STM32F4xx_HAL_Driver/Src/stm32f4xx_hal_rcc.o
                0x0800ae6c                HAL_RCC_GetHCLKFreq
 .text.HAL_RCC_GetPCLK1Freq
                0x0800ae84       0x28 ./Drivers/STM32F4xx_HAL_Driver/Src/stm32f4xx_hal_rcc.o
                0x0800ae84                HAL_RCC_GetPCLK1Freq
 .text.HAL_RCC_GetPCLK2Freq
                0x0800aeac       0x28 ./Drivers/STM32F4xx_HAL_Driver/Src/stm32f4xx_hal_rcc.o
                0x0800aeac                HAL_RCC_GetPCLK2Freq
 .text.HAL_TIM_Base_Init
                0x0800aed4       0x9e ./Drivers/STM32F4xx_HAL_Driver/Src/stm32f4xx_hal_tim.o
                0x0800aed4                HAL_TIM_Base_Init
 .text.HAL_TIM_PWM_Init
                0x0800af72       0x9e ./Drivers/STM32F4xx_HAL_Driver/Src/stm32f4xx_hal_tim.o
                0x0800af72                HAL_TIM_PWM_Init
 .text.HAL_TIM_PWM_Start
                0x0800b010      0x190 ./Drivers/STM32F4xx_HAL_Driver/Src/stm32f4xx_hal_tim.o
                0x0800b010                HAL_TIM_PWM_Start
 .text.HAL_TIM_PWM_ConfigChannel
                0x0800b1a0      0x184 ./Drivers/STM32F4xx_HAL_Driver/Src/stm32f4xx_hal_tim.o
                0x0800b1a0                HAL_TIM_PWM_ConfigChannel
 .text.TIM_Base_SetConfig
                0x0800b324      0x14c ./Drivers/STM32F4xx_HAL_Driver/Src/stm32f4xx_hal_tim.o
                0x0800b324                TIM_Base_SetConfig
 .text.TIM_OC1_SetConfig
                0x0800b470       0xe0 ./Drivers/STM32F4xx_HAL_Driver/Src/stm32f4xx_hal_tim.o
 .text.TIM_OC2_SetConfig
                0x0800b550       0xec ./Drivers/STM32F4xx_HAL_Driver/Src/stm32f4xx_hal_tim.o
                0x0800b550                TIM_OC2_SetConfig
 .text.TIM_OC3_SetConfig
                0x0800b63c       0xe8 ./Drivers/STM32F4xx_HAL_Driver/Src/stm32f4xx_hal_tim.o
 .text.TIM_OC4_SetConfig
                0x0800b724       0xac ./Drivers/STM32F4xx_HAL_Driver/Src/stm32f4xx_hal_tim.o
 .text.TIM_CCxChannelCmd
                0x0800b7d0       0x4a ./Drivers/STM32F4xx_HAL_Driver/Src/stm32f4xx_hal_tim.o
                0x0800b7d0                TIM_CCxChannelCmd
 *fill*         0x0800b81a        0x2 
 .text.HAL_TIMEx_MasterConfigSynchronization
                0x0800b81c       0xf8 ./Drivers/STM32F4xx_HAL_Driver/Src/stm32f4xx_hal_tim_ex.o
                0x0800b81c                HAL_TIMEx_MasterConfigSynchronization
 .text.HAL_TIMEx_ConfigBreakDeadTime
                0x0800b914       0xa4 ./Drivers/STM32F4xx_HAL_Driver/Src/stm32f4xx_hal_tim_ex.o
                0x0800b914                HAL_TIMEx_ConfigBreakDeadTime
 .text.HAL_UART_Init
                0x0800b9b8       0xa0 ./Drivers/STM32F4xx_HAL_Driver/Src/stm32f4xx_hal_uart.o
                0x0800b9b8                HAL_UART_Init
 .text.HAL_UART_Transmit_DMA
                0x0800ba58       0xf8 ./Drivers/STM32F4xx_HAL_Driver/Src/stm32f4xx_hal_uart.o
                0x0800ba58                HAL_UART_Transmit_DMA
 .text.HAL_UART_Receive_DMA
                0x0800bb50       0x4a ./Drivers/STM32F4xx_HAL_Driver/Src/stm32f4xx_hal_uart.o
                0x0800bb50                HAL_UART_Receive_DMA
 *fill*         0x0800bb9a        0x2 
 .text.HAL_UART_IRQHandler
                0x0800bb9c      0x554 ./Drivers/STM32F4xx_HAL_Driver/Src/stm32f4xx_hal_uart.o
                0x0800bb9c                HAL_UART_IRQHandler
 .text.HAL_UART_TxHalfCpltCallback
                0x0800c0f0       0x14 ./Drivers/STM32F4xx_HAL_Driver/Src/stm32f4xx_hal_uart.o
                0x0800c0f0                HAL_UART_TxHalfCpltCallback
 .text.HAL_UART_RxHalfCpltCallback
                0x0800c104       0x14 ./Drivers/STM32F4xx_HAL_Driver/Src/stm32f4xx_hal_uart.o
                0x0800c104                HAL_UART_RxHalfCpltCallback
 .text.HAL_UART_ErrorCallback
                0x0800c118       0x14 ./Drivers/STM32F4xx_HAL_Driver/Src/stm32f4xx_hal_uart.o
                0x0800c118                HAL_UART_ErrorCallback
 .text.HAL_UARTEx_RxEventCallback
                0x0800c12c       0x18 ./Drivers/STM32F4xx_HAL_Driver/Src/stm32f4xx_hal_uart.o
                0x0800c12c                HAL_UARTEx_RxEventCallback
 .text.UART_DMATransmitCplt
                0x0800c144       0x9a ./Drivers/STM32F4xx_HAL_Driver/Src/stm32f4xx_hal_uart.o
 .text.UART_DMATxHalfCplt
                0x0800c1de       0x1c ./Drivers/STM32F4xx_HAL_Driver/Src/stm32f4xx_hal_uart.o
 .text.UART_DMAReceiveCplt
                0x0800c1fa      0x12c ./Drivers/STM32F4xx_HAL_Driver/Src/stm32f4xx_hal_uart.o
 .text.UART_DMARxHalfCplt
                0x0800c326       0x3c ./Drivers/STM32F4xx_HAL_Driver/Src/stm32f4xx_hal_uart.o
 .text.UART_DMAError
                0x0800c362       0x94 ./Drivers/STM32F4xx_HAL_Driver/Src/stm32f4xx_hal_uart.o
 *fill*         0x0800c3f6        0x2 
 .text.UART_Start_Receive_DMA
                0x0800c3f8      0x14c ./Drivers/STM32F4xx_HAL_Driver/Src/stm32f4xx_hal_uart.o
                0x0800c3f8                UART_Start_Receive_DMA
 .text.UART_EndTxTransfer
                0x0800c544       0x50 ./Drivers/STM32F4xx_HAL_Driver/Src/stm32f4xx_hal_uart.o
 .text.UART_EndRxTransfer
                0x0800c594       0xc6 ./Drivers/STM32F4xx_HAL_Driver/Src/stm32f4xx_hal_uart.o
 .text.UART_DMAAbortOnError
                0x0800c65a       0x22 ./Drivers/STM32F4xx_HAL_Driver/Src/stm32f4xx_hal_uart.o
 .text.UART_Transmit_IT
                0x0800c67c       0xa0 ./Drivers/STM32F4xx_HAL_Driver/Src/stm32f4xx_hal_uart.o
 .text.UART_EndTransmit_IT
                0x0800c71c       0x30 ./Drivers/STM32F4xx_HAL_Driver/Src/stm32f4xx_hal_uart.o
 .text.UART_Receive_IT
                0x0800c74c      0x17c ./Drivers/STM32F4xx_HAL_Driver/Src/stm32f4xx_hal_uart.o
 .text.UART_SetConfig
                0x0800c8c8      0x4e8 ./Drivers/STM32F4xx_HAL_Driver/Src/stm32f4xx_hal_uart.o
 .text.atanf    0x0800cdb0      0x1a8 C:/ST/STM32CubeIDE_1.19.0/STM32CubeIDE/plugins/com.st.stm32cube.ide.mcu.externaltools.gnu-tools-for-stm32.13.3.rel1.win32_1.0.0.202411081344/tools/bin/../lib/gcc/arm-none-eabi/13.3.1/../../../../arm-none-eabi/lib/thumb/v7e-m+fp/hard\libm.a(libm_a-sf_atan.o)
                0x0800cdb0                atanf
 .text.fabsf    0x0800cf58        0xe C:/ST/STM32CubeIDE_1.19.0/STM32CubeIDE/plugins/com.st.stm32cube.ide.mcu.externaltools.gnu-tools-for-stm32.13.3.rel1.win32_1.0.0.202411081344/tools/bin/../lib/gcc/arm-none-eabi/13.3.1/../../../../arm-none-eabi/lib/thumb/v7e-m+fp/hard\libm.a(libm_a-sf_fabs.o)
                0x0800cf58                fabsf
 *fill*         0x0800cf66        0x2 
 .text.tanf     0x0800cf68       0x58 C:/ST/STM32CubeIDE_1.19.0/STM32CubeIDE/plugins/com.st.stm32cube.ide.mcu.externaltools.gnu-tools-for-stm32.13.3.rel1.win32_1.0.0.202411081344/tools/bin/../lib/gcc/arm-none-eabi/13.3.1/../../../../arm-none-eabi/lib/thumb/v7e-m+fp/hard\libm.a(libm_a-sf_tan.o)
                0x0800cf68                tanf
 .text.copysignf
                0x0800cfc0       0x16 C:/ST/STM32CubeIDE_1.19.0/STM32CubeIDE/plugins/com.st.stm32cube.ide.mcu.externaltools.gnu-tools-for-stm32.13.3.rel1.win32_1.0.0.202411081344/tools/bin/../lib/gcc/arm-none-eabi/13.3.1/../../../../arm-none-eabi/lib/thumb/v7e-m+fp/hard\libm.a(libm_a-sf_copysign.o)
                0x0800cfc0                copysignf
 *fill*         0x0800cfd6        0x2 
 .text.__kernel_tanf
                0x0800cfd8      0x1c0 C:/ST/STM32CubeIDE_1.19.0/STM32CubeIDE/plugins/com.st.stm32cube.ide.mcu.externaltools.gnu-tools-for-stm32.13.3.rel1.win32_1.0.0.202411081344/tools/bin/../lib/gcc/arm-none-eabi/13.3.1/../../../../arm-none-eabi/lib/thumb/v7e-m+fp/hard\libm.a(libm_a-kf_tan.o)
                0x0800cfd8                __kernel_tanf
 .text.__ieee754_rem_pio2f
                0x0800d198      0x260 C:/ST/STM32CubeIDE_1.19.0/STM32CubeIDE/plugins/com.st.stm32cube.ide.mcu.externaltools.gnu-tools-for-stm32.13.3.rel1.win32_1.0.0.202411081344/tools/bin/../lib/gcc/arm-none-eabi/13.3.1/../../../../arm-none-eabi/lib/thumb/v7e-m+fp/hard\libm.a(libm_a-ef_rem_pio2.o)
                0x0800d198                __ieee754_rem_pio2f
 .text.__kernel_rem_pio2f
                0x0800d3f8      0x4d0 C:/ST/STM32CubeIDE_1.19.0/STM32CubeIDE/plugins/com.st.stm32cube.ide.mcu.externaltools.gnu-tools-for-stm32.13.3.rel1.win32_1.0.0.202411081344/tools/bin/../lib/gcc/arm-none-eabi/13.3.1/../../../../arm-none-eabi/lib/thumb/v7e-m+fp/hard\libm.a(libm_a-kf_rem_pio2.o)
                0x0800d3f8                __kernel_rem_pio2f
 .text.scalbnf  0x0800d8c8       0xcc C:/ST/STM32CubeIDE_1.19.0/STM32CubeIDE/plugins/com.st.stm32cube.ide.mcu.externaltools.gnu-tools-for-stm32.13.3.rel1.win32_1.0.0.202411081344/tools/bin/../lib/gcc/arm-none-eabi/13.3.1/../../../../arm-none-eabi/lib/thumb/v7e-m+fp/hard\libm.a(libm_a-sf_scalbn.o)
                0x0800d8c8                scalbnf
 .text.floorf   0x0800d994       0x88 C:/ST/STM32CubeIDE_1.19.0/STM32CubeIDE/plugins/com.st.stm32cube.ide.mcu.externaltools.gnu-tools-for-stm32.13.3.rel1.win32_1.0.0.202411081344/tools/bin/../lib/gcc/arm-none-eabi/13.3.1/../../../../arm-none-eabi/lib/thumb/v7e-m+fp/hard\libm.a(libm_a-sf_floor.o)
                0x0800d994                floorf
 .text.realloc  0x0800da1c       0x10 C:/ST/STM32CubeIDE_1.19.0/STM32CubeIDE/plugins/com.st.stm32cube.ide.mcu.externaltools.gnu-tools-for-stm32.13.3.rel1.win32_1.0.0.202411081344/tools/bin/../lib/gcc/arm-none-eabi/13.3.1/../../../../arm-none-eabi/lib/thumb/v7e-m+fp/hard\libc_nano.a(libc_a-realloc.o)
                0x0800da1c                realloc
 .text._realloc_r
                0x0800da2c       0x5c C:/ST/STM32CubeIDE_1.19.0/STM32CubeIDE/plugins/com.st.stm32cube.ide.mcu.externaltools.gnu-tools-for-stm32.13.3.rel1.win32_1.0.0.202411081344/tools/bin/../lib/gcc/arm-none-eabi/13.3.1/../../../../arm-none-eabi/lib/thumb/v7e-m+fp/hard\libc_nano.a(libc_a-reallocr.o)
                0x0800da2c                _realloc_r
 .text.__cvt    0x0800da88       0xca C:/ST/STM32CubeIDE_1.19.0/STM32CubeIDE/plugins/com.st.stm32cube.ide.mcu.externaltools.gnu-tools-for-stm32.13.3.rel1.win32_1.0.0.202411081344/tools/bin/../lib/gcc/arm-none-eabi/13.3.1/../../../../arm-none-eabi/lib/thumb/v7e-m+fp/hard\libc_nano.a(libc_a-nano-vfprintf_float.o)
                0x0800da88                __cvt
 .text.__exponent
                0x0800db52       0x74 C:/ST/STM32CubeIDE_1.19.0/STM32CubeIDE/plugins/com.st.stm32cube.ide.mcu.externaltools.gnu-tools-for-stm32.13.3.rel1.win32_1.0.0.202411081344/tools/bin/../lib/gcc/arm-none-eabi/13.3.1/../../../../arm-none-eabi/lib/thumb/v7e-m+fp/hard\libc_nano.a(libc_a-nano-vfprintf_float.o)
                0x0800db52                __exponent
 *fill*         0x0800dbc6        0x2 
 .text._printf_float
                0x0800dbc8      0x454 C:/ST/STM32CubeIDE_1.19.0/STM32CubeIDE/plugins/com.st.stm32cube.ide.mcu.externaltools.gnu-tools-for-stm32.13.3.rel1.win32_1.0.0.202411081344/tools/bin/../lib/gcc/arm-none-eabi/13.3.1/../../../../arm-none-eabi/lib/thumb/v7e-m+fp/hard\libc_nano.a(libc_a-nano-vfprintf_float.o)
                0x0800dbc8                _printf_float
 .text._printf_common
                0x0800e01c       0xda C:/ST/STM32CubeIDE_1.19.0/STM32CubeIDE/plugins/com.st.stm32cube.ide.mcu.externaltools.gnu-tools-for-stm32.13.3.rel1.win32_1.0.0.202411081344/tools/bin/../lib/gcc/arm-none-eabi/13.3.1/../../../../arm-none-eabi/lib/thumb/v7e-m+fp/hard\libc_nano.a(libc_a-nano-vfprintf_i.o)
                0x0800e01c                _printf_common
 *fill*         0x0800e0f6        0x2 
 .text._printf_i
                0x0800e0f8      0x23c C:/ST/STM32CubeIDE_1.19.0/STM32CubeIDE/plugins/com.st.stm32cube.ide.mcu.externaltools.gnu-tools-for-stm32.13.3.rel1.win32_1.0.0.202411081344/tools/bin/../lib/gcc/arm-none-eabi/13.3.1/../../../../arm-none-eabi/lib/thumb/v7e-m+fp/hard\libc_nano.a(libc_a-nano-vfprintf_i.o)
                0x0800e0f8                _printf_i
 .text.std      0x0800e334       0x6c C:/ST/STM32CubeIDE_1.19.0/STM32CubeIDE/plugins/com.st.stm32cube.ide.mcu.externaltools.gnu-tools-for-stm32.13.3.rel1.win32_1.0.0.202411081344/tools/bin/../lib/gcc/arm-none-eabi/13.3.1/../../../../arm-none-eabi/lib/thumb/v7e-m+fp/hard\libc_nano.a(libc_a-findfp.o)
 .text.stdio_exit_handler
                0x0800e3a0       0x18 C:/ST/STM32CubeIDE_1.19.0/STM32CubeIDE/plugins/com.st.stm32cube.ide.mcu.externaltools.gnu-tools-for-stm32.13.3.rel1.win32_1.0.0.202411081344/tools/bin/../lib/gcc/arm-none-eabi/13.3.1/../../../../arm-none-eabi/lib/thumb/v7e-m+fp/hard\libc_nano.a(libc_a-findfp.o)
 .text.cleanup_stdio
                0x0800e3b8       0x40 C:/ST/STM32CubeIDE_1.19.0/STM32CubeIDE/plugins/com.st.stm32cube.ide.mcu.externaltools.gnu-tools-for-stm32.13.3.rel1.win32_1.0.0.202411081344/tools/bin/../lib/gcc/arm-none-eabi/13.3.1/../../../../arm-none-eabi/lib/thumb/v7e-m+fp/hard\libc_nano.a(libc_a-findfp.o)
 .text.global_stdio_init.part.0
                0x0800e3f8       0x3c C:/ST/STM32CubeIDE_1.19.0/STM32CubeIDE/plugins/com.st.stm32cube.ide.mcu.externaltools.gnu-tools-for-stm32.13.3.rel1.win32_1.0.0.202411081344/tools/bin/../lib/gcc/arm-none-eabi/13.3.1/../../../../arm-none-eabi/lib/thumb/v7e-m+fp/hard\libc_nano.a(libc_a-findfp.o)
 .text.__sfp_lock_acquire
                0x0800e434        0xc C:/ST/STM32CubeIDE_1.19.0/STM32CubeIDE/plugins/com.st.stm32cube.ide.mcu.externaltools.gnu-tools-for-stm32.13.3.rel1.win32_1.0.0.202411081344/tools/bin/../lib/gcc/arm-none-eabi/13.3.1/../../../../arm-none-eabi/lib/thumb/v7e-m+fp/hard\libc_nano.a(libc_a-findfp.o)
                0x0800e434                __sfp_lock_acquire
 .text.__sfp_lock_release
                0x0800e440        0xc C:/ST/STM32CubeIDE_1.19.0/STM32CubeIDE/plugins/com.st.stm32cube.ide.mcu.externaltools.gnu-tools-for-stm32.13.3.rel1.win32_1.0.0.202411081344/tools/bin/../lib/gcc/arm-none-eabi/13.3.1/../../../../arm-none-eabi/lib/thumb/v7e-m+fp/hard\libc_nano.a(libc_a-findfp.o)
                0x0800e440                __sfp_lock_release
 .text.__sinit  0x0800e44c       0x30 C:/ST/STM32CubeIDE_1.19.0/STM32CubeIDE/plugins/com.st.stm32cube.ide.mcu.externaltools.gnu-tools-for-stm32.13.3.rel1.win32_1.0.0.202411081344/tools/bin/../lib/gcc/arm-none-eabi/13.3.1/../../../../arm-none-eabi/lib/thumb/v7e-m+fp/hard\libc_nano.a(libc_a-findfp.o)
                0x0800e44c                __sinit
 .text._fwalk_sglue
                0x0800e47c       0x3c C:/ST/STM32CubeIDE_1.19.0/STM32CubeIDE/plugins/com.st.stm32cube.ide.mcu.externaltools.gnu-tools-for-stm32.13.3.rel1.win32_1.0.0.202411081344/tools/bin/../lib/gcc/arm-none-eabi/13.3.1/../../../../arm-none-eabi/lib/thumb/v7e-m+fp/hard\libc_nano.a(libc_a-fwalk.o)
                0x0800e47c                _fwalk_sglue
 .text.__sread  0x0800e4b8       0x22 C:/ST/STM32CubeIDE_1.19.0/STM32CubeIDE/plugins/com.st.stm32cube.ide.mcu.externaltools.gnu-tools-for-stm32.13.3.rel1.win32_1.0.0.202411081344/tools/bin/../lib/gcc/arm-none-eabi/13.3.1/../../../../arm-none-eabi/lib/thumb/v7e-m+fp/hard\libc_nano.a(libc_a-stdio.o)
                0x0800e4b8                __sread
 .text.__swrite
                0x0800e4da       0x38 C:/ST/STM32CubeIDE_1.19.0/STM32CubeIDE/plugins/com.st.stm32cube.ide.mcu.externaltools.gnu-tools-for-stm32.13.3.rel1.win32_1.0.0.202411081344/tools/bin/../lib/gcc/arm-none-eabi/13.3.1/../../../../arm-none-eabi/lib/thumb/v7e-m+fp/hard\libc_nano.a(libc_a-stdio.o)
                0x0800e4da                __swrite
 .text.__sseek  0x0800e512       0x24 C:/ST/STM32CubeIDE_1.19.0/STM32CubeIDE/plugins/com.st.stm32cube.ide.mcu.externaltools.gnu-tools-for-stm32.13.3.rel1.win32_1.0.0.202411081344/tools/bin/../lib/gcc/arm-none-eabi/13.3.1/../../../../arm-none-eabi/lib/thumb/v7e-m+fp/hard\libc_nano.a(libc_a-stdio.o)
                0x0800e512                __sseek
 .text.__sclose
                0x0800e536        0x8 C:/ST/STM32CubeIDE_1.19.0/STM32CubeIDE/plugins/com.st.stm32cube.ide.mcu.externaltools.gnu-tools-for-stm32.13.3.rel1.win32_1.0.0.202411081344/tools/bin/../lib/gcc/arm-none-eabi/13.3.1/../../../../arm-none-eabi/lib/thumb/v7e-m+fp/hard\libc_nano.a(libc_a-stdio.o)
                0x0800e536                __sclose
 .text.memset   0x0800e53e       0x10 C:/ST/STM32CubeIDE_1.19.0/STM32CubeIDE/plugins/com.st.stm32cube.ide.mcu.externaltools.gnu-tools-for-stm32.13.3.rel1.win32_1.0.0.202411081344/tools/bin/../lib/gcc/arm-none-eabi/13.3.1/../../../../arm-none-eabi/lib/thumb/v7e-m+fp/hard\libc_nano.a(libc_a-memset.o)
                0x0800e53e                memset
 *fill*         0x0800e54e        0x2 
 .text._localeconv_r
                0x0800e550        0x8 C:/ST/STM32CubeIDE_1.19.0/STM32CubeIDE/plugins/com.st.stm32cube.ide.mcu.externaltools.gnu-tools-for-stm32.13.3.rel1.win32_1.0.0.202411081344/tools/bin/../lib/gcc/arm-none-eabi/13.3.1/../../../../arm-none-eabi/lib/thumb/v7e-m+fp/hard\libc_nano.a(libc_a-localeconv.o)
                0x0800e550                _localeconv_r
 .text._close_r
                0x0800e558       0x20 C:/ST/STM32CubeIDE_1.19.0/STM32CubeIDE/plugins/com.st.stm32cube.ide.mcu.externaltools.gnu-tools-for-stm32.13.3.rel1.win32_1.0.0.202411081344/tools/bin/../lib/gcc/arm-none-eabi/13.3.1/../../../../arm-none-eabi/lib/thumb/v7e-m+fp/hard\libc_nano.a(libc_a-closer.o)
                0x0800e558                _close_r
 .text._lseek_r
                0x0800e578       0x24 C:/ST/STM32CubeIDE_1.19.0/STM32CubeIDE/plugins/com.st.stm32cube.ide.mcu.externaltools.gnu-tools-for-stm32.13.3.rel1.win32_1.0.0.202411081344/tools/bin/../lib/gcc/arm-none-eabi/13.3.1/../../../../arm-none-eabi/lib/thumb/v7e-m+fp/hard\libc_nano.a(libc_a-lseekr.o)
                0x0800e578                _lseek_r
 .text._read_r  0x0800e59c       0x24 C:/ST/STM32CubeIDE_1.19.0/STM32CubeIDE/plugins/com.st.stm32cube.ide.mcu.externaltools.gnu-tools-for-stm32.13.3.rel1.win32_1.0.0.202411081344/tools/bin/../lib/gcc/arm-none-eabi/13.3.1/../../../../arm-none-eabi/lib/thumb/v7e-m+fp/hard\libc_nano.a(libc_a-readr.o)
                0x0800e59c                _read_r
 .text._write_r
                0x0800e5c0       0x24 C:/ST/STM32CubeIDE_1.19.0/STM32CubeIDE/plugins/com.st.stm32cube.ide.mcu.externaltools.gnu-tools-for-stm32.13.3.rel1.win32_1.0.0.202411081344/tools/bin/../lib/gcc/arm-none-eabi/13.3.1/../../../../arm-none-eabi/lib/thumb/v7e-m+fp/hard\libc_nano.a(libc_a-writer.o)
                0x0800e5c0                _write_r
 .text.__errno  0x0800e5e4        0xc C:/ST/STM32CubeIDE_1.19.0/STM32CubeIDE/plugins/com.st.stm32cube.ide.mcu.externaltools.gnu-tools-for-stm32.13.3.rel1.win32_1.0.0.202411081344/tools/bin/../lib/gcc/arm-none-eabi/13.3.1/../../../../arm-none-eabi/lib/thumb/v7e-m+fp/hard\libc_nano.a(libc_a-errno.o)
                0x0800e5e4                __errno
 .text.__libc_init_array
                0x0800e5f0       0x48 C:/ST/STM32CubeIDE_1.19.0/STM32CubeIDE/plugins/com.st.stm32cube.ide.mcu.externaltools.gnu-tools-for-stm32.13.3.rel1.win32_1.0.0.202411081344/tools/bin/../lib/gcc/arm-none-eabi/13.3.1/../../../../arm-none-eabi/lib/thumb/v7e-m+fp/hard\libc_nano.a(libc_a-init.o)
                0x0800e5f0                __libc_init_array
 .text.__retarget_lock_init_recursive
                0x0800e638        0x2 C:/ST/STM32CubeIDE_1.19.0/STM32CubeIDE/plugins/com.st.stm32cube.ide.mcu.externaltools.gnu-tools-for-stm32.13.3.rel1.win32_1.0.0.202411081344/tools/bin/../lib/gcc/arm-none-eabi/13.3.1/../../../../arm-none-eabi/lib/thumb/v7e-m+fp/hard\libc_nano.a(libc_a-lock.o)
                0x0800e638                __retarget_lock_init_recursive
 .text.__retarget_lock_acquire_recursive
                0x0800e63a        0x2 C:/ST/STM32CubeIDE_1.19.0/STM32CubeIDE/plugins/com.st.stm32cube.ide.mcu.externaltools.gnu-tools-for-stm32.13.3.rel1.win32_1.0.0.202411081344/tools/bin/../lib/gcc/arm-none-eabi/13.3.1/../../../../arm-none-eabi/lib/thumb/v7e-m+fp/hard\libc_nano.a(libc_a-lock.o)
                0x0800e63a                __retarget_lock_acquire_recursive
 .text.__retarget_lock_release_recursive
                0x0800e63c        0x2 C:/ST/STM32CubeIDE_1.19.0/STM32CubeIDE/plugins/com.st.stm32cube.ide.mcu.externaltools.gnu-tools-for-stm32.13.3.rel1.win32_1.0.0.202411081344/tools/bin/../lib/gcc/arm-none-eabi/13.3.1/../../../../arm-none-eabi/lib/thumb/v7e-m+fp/hard\libc_nano.a(libc_a-lock.o)
                0x0800e63c                __retarget_lock_release_recursive
 .text.memcpy   0x0800e63e       0x1c C:/ST/STM32CubeIDE_1.19.0/STM32CubeIDE/plugins/com.st.stm32cube.ide.mcu.externaltools.gnu-tools-for-stm32.13.3.rel1.win32_1.0.0.202411081344/tools/bin/../lib/gcc/arm-none-eabi/13.3.1/../../../../arm-none-eabi/lib/thumb/v7e-m+fp/hard\libc_nano.a(libc_a-memcpy-stub.o)
                0x0800e63e                memcpy
 .text.quorem   0x0800e65a      0x110 C:/ST/STM32CubeIDE_1.19.0/STM32CubeIDE/plugins/com.st.stm32cube.ide.mcu.externaltools.gnu-tools-for-stm32.13.3.rel1.win32_1.0.0.202411081344/tools/bin/../lib/gcc/arm-none-eabi/13.3.1/../../../../arm-none-eabi/lib/thumb/v7e-m+fp/hard\libc_nano.a(libc_a-dtoa.o)
 *fill*         0x0800e76a        0x6 
 .text._dtoa_r  0x0800e770      0xba0 C:/ST/STM32CubeIDE_1.19.0/STM32CubeIDE/plugins/com.st.stm32cube.ide.mcu.externaltools.gnu-tools-for-stm32.13.3.rel1.win32_1.0.0.202411081344/tools/bin/../lib/gcc/arm-none-eabi/13.3.1/../../../../arm-none-eabi/lib/thumb/v7e-m+fp/hard\libc_nano.a(libc_a-dtoa.o)
                0x0800e770                _dtoa_r
 .text._free_r  0x0800f310       0x94 C:/ST/STM32CubeIDE_1.19.0/STM32CubeIDE/plugins/com.st.stm32cube.ide.mcu.externaltools.gnu-tools-for-stm32.13.3.rel1.win32_1.0.0.202411081344/tools/bin/../lib/gcc/arm-none-eabi/13.3.1/../../../../arm-none-eabi/lib/thumb/v7e-m+fp/hard\libc_nano.a(libc_a-freer.o)
                0x0800f310                _free_r
 .text.malloc   0x0800f3a4       0x10 C:/ST/STM32CubeIDE_1.19.0/STM32CubeIDE/plugins/com.st.stm32cube.ide.mcu.externaltools.gnu-tools-for-stm32.13.3.rel1.win32_1.0.0.202411081344/tools/bin/../lib/gcc/arm-none-eabi/13.3.1/../../../../arm-none-eabi/lib/thumb/v7e-m+fp/hard\libc_nano.a(libc_a-malloc.o)
                0x0800f3a4                malloc
 .text.sbrk_aligned
                0x0800f3b4       0x44 C:/ST/STM32CubeIDE_1.19.0/STM32CubeIDE/plugins/com.st.stm32cube.ide.mcu.externaltools.gnu-tools-for-stm32.13.3.rel1.win32_1.0.0.202411081344/tools/bin/../lib/gcc/arm-none-eabi/13.3.1/../../../../arm-none-eabi/lib/thumb/v7e-m+fp/hard\libc_nano.a(libc_a-mallocr.o)
 .text._malloc_r
                0x0800f3f8      0x100 C:/ST/STM32CubeIDE_1.19.0/STM32CubeIDE/plugins/com.st.stm32cube.ide.mcu.externaltools.gnu-tools-for-stm32.13.3.rel1.win32_1.0.0.202411081344/tools/bin/../lib/gcc/arm-none-eabi/13.3.1/../../../../arm-none-eabi/lib/thumb/v7e-m+fp/hard\libc_nano.a(libc_a-mallocr.o)
                0x0800f3f8                _malloc_r
 .text.__malloc_lock
                0x0800f4f8        0xc C:/ST/STM32CubeIDE_1.19.0/STM32CubeIDE/plugins/com.st.stm32cube.ide.mcu.externaltools.gnu-tools-for-stm32.13.3.rel1.win32_1.0.0.202411081344/tools/bin/../lib/gcc/arm-none-eabi/13.3.1/../../../../arm-none-eabi/lib/thumb/v7e-m+fp/hard\libc_nano.a(libc_a-mlock.o)
                0x0800f4f8                __malloc_lock
 .text.__malloc_unlock
                0x0800f504        0xc C:/ST/STM32CubeIDE_1.19.0/STM32CubeIDE/plugins/com.st.stm32cube.ide.mcu.externaltools.gnu-tools-for-stm32.13.3.rel1.win32_1.0.0.202411081344/tools/bin/../lib/gcc/arm-none-eabi/13.3.1/../../../../arm-none-eabi/lib/thumb/v7e-m+fp/hard\libc_nano.a(libc_a-mlock.o)
                0x0800f504                __malloc_unlock
 .text._Balloc  0x0800f510       0x80 C:/ST/STM32CubeIDE_1.19.0/STM32CubeIDE/plugins/com.st.stm32cube.ide.mcu.externaltools.gnu-tools-for-stm32.13.3.rel1.win32_1.0.0.202411081344/tools/bin/../lib/gcc/arm-none-eabi/13.3.1/../../../../arm-none-eabi/lib/thumb/v7e-m+fp/hard\libc_nano.a(libc_a-mprec.o)
                0x0800f510                _Balloc
 .text._Bfree   0x0800f590       0x44 C:/ST/STM32CubeIDE_1.19.0/STM32CubeIDE/plugins/com.st.stm32cube.ide.mcu.externaltools.gnu-tools-for-stm32.13.3.rel1.win32_1.0.0.202411081344/tools/bin/../lib/gcc/arm-none-eabi/13.3.1/../../../../arm-none-eabi/lib/thumb/v7e-m+fp/hard\libc_nano.a(libc_a-mprec.o)
                0x0800f590                _Bfree
 .text.__multadd
                0x0800f5d4       0x8c C:/ST/STM32CubeIDE_1.19.0/STM32CubeIDE/plugins/com.st.stm32cube.ide.mcu.externaltools.gnu-tools-for-stm32.13.3.rel1.win32_1.0.0.202411081344/tools/bin/../lib/gcc/arm-none-eabi/13.3.1/../../../../arm-none-eabi/lib/thumb/v7e-m+fp/hard\libc_nano.a(libc_a-mprec.o)
                0x0800f5d4                __multadd
 .text.__hi0bits
                0x0800f660       0x3e C:/ST/STM32CubeIDE_1.19.0/STM32CubeIDE/plugins/com.st.stm32cube.ide.mcu.externaltools.gnu-tools-for-stm32.13.3.rel1.win32_1.0.0.202411081344/tools/bin/../lib/gcc/arm-none-eabi/13.3.1/../../../../arm-none-eabi/lib/thumb/v7e-m+fp/hard\libc_nano.a(libc_a-mprec.o)
                0x0800f660                __hi0bits
 .text.__lo0bits
                0x0800f69e       0x5a C:/ST/STM32CubeIDE_1.19.0/STM32CubeIDE/plugins/com.st.stm32cube.ide.mcu.externaltools.gnu-tools-for-stm32.13.3.rel1.win32_1.0.0.202411081344/tools/bin/../lib/gcc/arm-none-eabi/13.3.1/../../../../arm-none-eabi/lib/thumb/v7e-m+fp/hard\libc_nano.a(libc_a-mprec.o)
                0x0800f69e                __lo0bits
 .text.__i2b    0x0800f6f8       0x2c C:/ST/STM32CubeIDE_1.19.0/STM32CubeIDE/plugins/com.st.stm32cube.ide.mcu.externaltools.gnu-tools-for-stm32.13.3.rel1.win32_1.0.0.202411081344/tools/bin/../lib/gcc/arm-none-eabi/13.3.1/../../../../arm-none-eabi/lib/thumb/v7e-m+fp/hard\libc_nano.a(libc_a-mprec.o)
                0x0800f6f8                __i2b
 .text.__multiply
                0x0800f724      0x144 C:/ST/STM32CubeIDE_1.19.0/STM32CubeIDE/plugins/com.st.stm32cube.ide.mcu.externaltools.gnu-tools-for-stm32.13.3.rel1.win32_1.0.0.202411081344/tools/bin/../lib/gcc/arm-none-eabi/13.3.1/../../../../arm-none-eabi/lib/thumb/v7e-m+fp/hard\libc_nano.a(libc_a-mprec.o)
                0x0800f724                __multiply
 .text.__pow5mult
                0x0800f868       0xb4 C:/ST/STM32CubeIDE_1.19.0/STM32CubeIDE/plugins/com.st.stm32cube.ide.mcu.externaltools.gnu-tools-for-stm32.13.3.rel1.win32_1.0.0.202411081344/tools/bin/../lib/gcc/arm-none-eabi/13.3.1/../../../../arm-none-eabi/lib/thumb/v7e-m+fp/hard\libc_nano.a(libc_a-mprec.o)
                0x0800f868                __pow5mult
 .text.__lshift
                0x0800f91c       0xd8 C:/ST/STM32CubeIDE_1.19.0/STM32CubeIDE/plugins/com.st.stm32cube.ide.mcu.externaltools.gnu-tools-for-stm32.13.3.rel1.win32_1.0.0.202411081344/tools/bin/../lib/gcc/arm-none-eabi/13.3.1/../../../../arm-none-eabi/lib/thumb/v7e-m+fp/hard\libc_nano.a(libc_a-mprec.o)
                0x0800f91c                __lshift
 .text.__mcmp   0x0800f9f4       0x36 C:/ST/STM32CubeIDE_1.19.0/STM32CubeIDE/plugins/com.st.stm32cube.ide.mcu.externaltools.gnu-tools-for-stm32.13.3.rel1.win32_1.0.0.202411081344/tools/bin/../lib/gcc/arm-none-eabi/13.3.1/../../../../arm-none-eabi/lib/thumb/v7e-m+fp/hard\libc_nano.a(libc_a-mprec.o)
                0x0800f9f4                __mcmp
 *fill*         0x0800fa2a        0x2 
 .text.__mdiff  0x0800fa2c      0x128 C:/ST/STM32CubeIDE_1.19.0/STM32CubeIDE/plugins/com.st.stm32cube.ide.mcu.externaltools.gnu-tools-for-stm32.13.3.rel1.win32_1.0.0.202411081344/tools/bin/../lib/gcc/arm-none-eabi/13.3.1/../../../../arm-none-eabi/lib/thumb/v7e-m+fp/hard\libc_nano.a(libc_a-mprec.o)
                0x0800fa2c                __mdiff
 .text.__d2b    0x0800fb54       0xb0 C:/ST/STM32CubeIDE_1.19.0/STM32CubeIDE/plugins/com.st.stm32cube.ide.mcu.externaltools.gnu-tools-for-stm32.13.3.rel1.win32_1.0.0.202411081344/tools/bin/../lib/gcc/arm-none-eabi/13.3.1/../../../../arm-none-eabi/lib/thumb/v7e-m+fp/hard\libc_nano.a(libc_a-mprec.o)
                0x0800fb54                __d2b
 .text._malloc_usable_size_r
                0x0800fc04       0x10 C:/ST/STM32CubeIDE_1.19.0/STM32CubeIDE/plugins/com.st.stm32cube.ide.mcu.externaltools.gnu-tools-for-stm32.13.3.rel1.win32_1.0.0.202411081344/tools/bin/../lib/gcc/arm-none-eabi/13.3.1/../../../../arm-none-eabi/lib/thumb/v7e-m+fp/hard\libc_nano.a(libc_a-msizer.o)
                0x0800fc04                _malloc_usable_size_r
 .text.__sflush_r
                0x0800fc14      0x108 C:/ST/STM32CubeIDE_1.19.0/STM32CubeIDE/plugins/com.st.stm32cube.ide.mcu.externaltools.gnu-tools-for-stm32.13.3.rel1.win32_1.0.0.202411081344/tools/bin/../lib/gcc/arm-none-eabi/13.3.1/../../../../arm-none-eabi/lib/thumb/v7e-m+fp/hard\libc_nano.a(libc_a-fflush.o)
                0x0800fc14                __sflush_r
 .text._fflush_r
                0x0800fd1c       0x50 C:/ST/STM32CubeIDE_1.19.0/STM32CubeIDE/plugins/com.st.stm32cube.ide.mcu.externaltools.gnu-tools-for-stm32.13.3.rel1.win32_1.0.0.202411081344/tools/bin/../lib/gcc/arm-none-eabi/13.3.1/../../../../arm-none-eabi/lib/thumb/v7e-m+fp/hard\libc_nano.a(libc_a-fflush.o)
                0x0800fd1c                _fflush_r
 .text._sbrk_r  0x0800fd6c       0x20 C:/ST/STM32CubeIDE_1.19.0/STM32CubeIDE/plugins/com.st.stm32cube.ide.mcu.externaltools.gnu-tools-for-stm32.13.3.rel1.win32_1.0.0.202411081344/tools/bin/../lib/gcc/arm-none-eabi/13.3.1/../../../../arm-none-eabi/lib/thumb/v7e-m+fp/hard\libc_nano.a(libc_a-sbrkr.o)
                0x0800fd6c                _sbrk_r
 .text.__assert_func
                0x0800fd8c       0x3c C:/ST/STM32CubeIDE_1.19.0/STM32CubeIDE/plugins/com.st.stm32cube.ide.mcu.externaltools.gnu-tools-for-stm32.13.3.rel1.win32_1.0.0.202411081344/tools/bin/../lib/gcc/arm-none-eabi/13.3.1/../../../../arm-none-eabi/lib/thumb/v7e-m+fp/hard\libc_nano.a(libc_a-assert.o)
                0x0800fd8c                __assert_func
 .text._calloc_r
                0x0800fdc8       0x28 C:/ST/STM32CubeIDE_1.19.0/STM32CubeIDE/plugins/com.st.stm32cube.ide.mcu.externaltools.gnu-tools-for-stm32.13.3.rel1.win32_1.0.0.202411081344/tools/bin/../lib/gcc/arm-none-eabi/13.3.1/../../../../arm-none-eabi/lib/thumb/v7e-m+fp/hard\libc_nano.a(libc_a-callocr.o)
                0x0800fdc8                _calloc_r
 .text.__ascii_mbtowc
                0x0800fdf0       0x24 C:/ST/STM32CubeIDE_1.19.0/STM32CubeIDE/plugins/com.st.stm32cube.ide.mcu.externaltools.gnu-tools-for-stm32.13.3.rel1.win32_1.0.0.202411081344/tools/bin/../lib/gcc/arm-none-eabi/13.3.1/../../../../arm-none-eabi/lib/thumb/v7e-m+fp/hard\libc_nano.a(libc_a-mbtowc_r.o)
                0x0800fdf0                __ascii_mbtowc
 .text.__ascii_wctomb
                0x0800fe14       0x1a C:/ST/STM32CubeIDE_1.19.0/STM32CubeIDE/plugins/com.st.stm32cube.ide.mcu.externaltools.gnu-tools-for-stm32.13.3.rel1.win32_1.0.0.202411081344/tools/bin/../lib/gcc/arm-none-eabi/13.3.1/../../../../arm-none-eabi/lib/thumb/v7e-m+fp/hard\libc_nano.a(libc_a-wctomb_r.o)
                0x0800fe14                __ascii_wctomb
 *fill*         0x0800fe2e        0x2 
 .text.fprintf  0x0800fe30       0x24 C:/ST/STM32CubeIDE_1.19.0/STM32CubeIDE/plugins/com.st.stm32cube.ide.mcu.externaltools.gnu-tools-for-stm32.13.3.rel1.win32_1.0.0.202411081344/tools/bin/../lib/gcc/arm-none-eabi/13.3.1/../../../../arm-none-eabi/lib/thumb/v7e-m+fp/hard\libc_nano.a(libc_a-fprintf.o)
                0x0800fe30                fiprintf
                0x0800fe30                fprintf
 .text.abort    0x0800fe54        0xe C:/ST/STM32CubeIDE_1.19.0/STM32CubeIDE/plugins/com.st.stm32cube.ide.mcu.externaltools.gnu-tools-for-stm32.13.3.rel1.win32_1.0.0.202411081344/tools/bin/../lib/gcc/arm-none-eabi/13.3.1/../../../../arm-none-eabi/lib/thumb/v7e-m+fp/hard\libc_nano.a(libc_a-abort.o)
                0x0800fe54                abort
 .text.__sfputc_r
                0x0800fe62       0x2e C:/ST/STM32CubeIDE_1.19.0/STM32CubeIDE/plugins/com.st.stm32cube.ide.mcu.externaltools.gnu-tools-for-stm32.13.3.rel1.win32_1.0.0.202411081344/tools/bin/../lib/gcc/arm-none-eabi/13.3.1/../../../../arm-none-eabi/lib/thumb/v7e-m+fp/hard\libc_nano.a(libc_a-nano-vfprintf.o)
 .text.__sfputs_r
                0x0800fe90       0x24 C:/ST/STM32CubeIDE_1.19.0/STM32CubeIDE/plugins/com.st.stm32cube.ide.mcu.externaltools.gnu-tools-for-stm32.13.3.rel1.win32_1.0.0.202411081344/tools/bin/../lib/gcc/arm-none-eabi/13.3.1/../../../../arm-none-eabi/lib/thumb/v7e-m+fp/hard\libc_nano.a(libc_a-nano-vfprintf.o)
                0x0800fe90                __sfputs_r
 .text._vfprintf_r
                0x0800feb4      0x230 C:/ST/STM32CubeIDE_1.19.0/STM32CubeIDE/plugins/com.st.stm32cube.ide.mcu.externaltools.gnu-tools-for-stm32.13.3.rel1.win32_1.0.0.202411081344/tools/bin/../lib/gcc/arm-none-eabi/13.3.1/../../../../arm-none-eabi/lib/thumb/v7e-m+fp/hard\libc_nano.a(libc_a-nano-vfprintf.o)
                0x0800feb4                _vfprintf_r
                0x0800feb4                _vfiprintf_r
 .text.__swbuf_r
                0x080100e4       0x7c C:/ST/STM32CubeIDE_1.19.0/STM32CubeIDE/plugins/com.st.stm32cube.ide.mcu.externaltools.gnu-tools-for-stm32.13.3.rel1.win32_1.0.0.202411081344/tools/bin/../lib/gcc/arm-none-eabi/13.3.1/../../../../arm-none-eabi/lib/thumb/v7e-m+fp/hard\libc_nano.a(libc_a-wbuf.o)
                0x080100e4                __swbuf_r
 .text.__swsetup_r
                0x08010160       0xac C:/ST/STM32CubeIDE_1.19.0/STM32CubeIDE/plugins/com.st.stm32cube.ide.mcu.externaltools.gnu-tools-for-stm32.13.3.rel1.win32_1.0.0.202411081344/tools/bin/../lib/gcc/arm-none-eabi/13.3.1/../../../../arm-none-eabi/lib/thumb/v7e-m+fp/hard\libc_nano.a(libc_a-wsetup.o)
                0x08010160                __swsetup_r
 .text._raise_r
                0x0801020c       0x50 C:/ST/STM32CubeIDE_1.19.0/STM32CubeIDE/plugins/com.st.stm32cube.ide.mcu.externaltools.gnu-tools-for-stm32.13.3.rel1.win32_1.0.0.202411081344/tools/bin/../lib/gcc/arm-none-eabi/13.3.1/../../../../arm-none-eabi/lib/thumb/v7e-m+fp/hard\libc_nano.a(libc_a-signal.o)
                0x0801020c                _raise_r
 .text.raise    0x0801025c       0x10 C:/ST/STM32CubeIDE_1.19.0/STM32CubeIDE/plugins/com.st.stm32cube.ide.mcu.externaltools.gnu-tools-for-stm32.13.3.rel1.win32_1.0.0.202411081344/tools/bin/../lib/gcc/arm-none-eabi/13.3.1/../../../../arm-none-eabi/lib/thumb/v7e-m+fp/hard\libc_nano.a(libc_a-signal.o)
                0x0801025c                raise
 .text._kill_r  0x0801026c       0x24 C:/ST/STM32CubeIDE_1.19.0/STM32CubeIDE/plugins/com.st.stm32cube.ide.mcu.externaltools.gnu-tools-for-stm32.13.3.rel1.win32_1.0.0.202411081344/tools/bin/../lib/gcc/arm-none-eabi/13.3.1/../../../../arm-none-eabi/lib/thumb/v7e-m+fp/hard\libc_nano.a(libc_a-signalr.o)
                0x0801026c                _kill_r
 .text._getpid_r
                0x08010290        0x4 C:/ST/STM32CubeIDE_1.19.0/STM32CubeIDE/plugins/com.st.stm32cube.ide.mcu.externaltools.gnu-tools-for-stm32.13.3.rel1.win32_1.0.0.202411081344/tools/bin/../lib/gcc/arm-none-eabi/13.3.1/../../../../arm-none-eabi/lib/thumb/v7e-m+fp/hard\libc_nano.a(libc_a-signalr.o)
                0x08010290                _getpid_r
 .text.__swhatbuf_r
                0x08010294       0x4c C:/ST/STM32CubeIDE_1.19.0/STM32CubeIDE/plugins/com.st.stm32cube.ide.mcu.externaltools.gnu-tools-for-stm32.13.3.rel1.win32_1.0.0.202411081344/tools/bin/../lib/gcc/arm-none-eabi/13.3.1/../../../../arm-none-eabi/lib/thumb/v7e-m+fp/hard\libc_nano.a(libc_a-makebuf.o)
                0x08010294                __swhatbuf_r
 .text.__smakebuf_r
                0x080102e0       0x78 C:/ST/STM32CubeIDE_1.19.0/STM32CubeIDE/plugins/com.st.stm32cube.ide.mcu.externaltools.gnu-tools-for-stm32.13.3.rel1.win32_1.0.0.202411081344/tools/bin/../lib/gcc/arm-none-eabi/13.3.1/../../../../arm-none-eabi/lib/thumb/v7e-m+fp/hard\libc_nano.a(libc_a-makebuf.o)
                0x080102e0                __smakebuf_r
 .text._fstat_r
                0x08010358       0x24 C:/ST/STM32CubeIDE_1.19.0/STM32CubeIDE/plugins/com.st.stm32cube.ide.mcu.externaltools.gnu-tools-for-stm32.13.3.rel1.win32_1.0.0.202411081344/tools/bin/../lib/gcc/arm-none-eabi/13.3.1/../../../../arm-none-eabi/lib/thumb/v7e-m+fp/hard\libc_nano.a(libc_a-fstatr.o)
                0x08010358                _fstat_r
 .text._isatty_r
                0x0801037c       0x20 C:/ST/STM32CubeIDE_1.19.0/STM32CubeIDE/plugins/com.st.stm32cube.ide.mcu.externaltools.gnu-tools-for-stm32.13.3.rel1.win32_1.0.0.202411081344/tools/bin/../lib/gcc/arm-none-eabi/13.3.1/../../../../arm-none-eabi/lib/thumb/v7e-m+fp/hard\libc_nano.a(libc_a-isattyr.o)
                0x0801037c                _isatty_r
 *(.glue_7)
 .glue_7        0x0801039c        0x0 linker stubs
 *(.glue_7t)
 .glue_7t       0x0801039c        0x0 linker stubs
 *(.eh_frame)
 .eh_frame      0x0801039c        0x0 C:/ST/STM32CubeIDE_1.19.0/STM32CubeIDE/plugins/com.st.stm32cube.ide.mcu.externaltools.gnu-tools-for-stm32.13.3.rel1.win32_1.0.0.202411081344/tools/bin/../lib/gcc/arm-none-eabi/13.3.1/thumb/v7e-m+fp/hard/crtbegin.o
 *(.init)
 .init          0x0801039c        0x4 C:/ST/STM32CubeIDE_1.19.0/STM32CubeIDE/plugins/com.st.stm32cube.ide.mcu.externaltools.gnu-tools-for-stm32.13.3.rel1.win32_1.0.0.202411081344/tools/bin/../lib/gcc/arm-none-eabi/13.3.1/thumb/v7e-m+fp/hard/crti.o
                0x0801039c                _init
 .init          0x080103a0        0x8 C:/ST/STM32CubeIDE_1.19.0/STM32CubeIDE/plugins/com.st.stm32cube.ide.mcu.externaltools.gnu-tools-for-stm32.13.3.rel1.win32_1.0.0.202411081344/tools/bin/../lib/gcc/arm-none-eabi/13.3.1/thumb/v7e-m+fp/hard/crtn.o
 *(.fini)
 .fini          0x080103a8        0x4 C:/ST/STM32CubeIDE_1.19.0/STM32CubeIDE/plugins/com.st.stm32cube.ide.mcu.externaltools.gnu-tools-for-stm32.13.3.rel1.win32_1.0.0.202411081344/tools/bin/../lib/gcc/arm-none-eabi/13.3.1/thumb/v7e-m+fp/hard/crti.o
                0x080103a8                _fini
 .fini          0x080103ac        0x8 C:/ST/STM32CubeIDE_1.19.0/STM32CubeIDE/plugins/com.st.stm32cube.ide.mcu.externaltools.gnu-tools-for-stm32.13.3.rel1.win32_1.0.0.202411081344/tools/bin/../lib/gcc/arm-none-eabi/13.3.1/thumb/v7e-m+fp/hard/crtn.o
                0x080103b4                        . = ALIGN (0x4)
                0x080103b4                        _etext = .

.vfp11_veneer   0x080103b4        0x0
 .vfp11_veneer  0x080103b4        0x0 linker stubs

.v4_bx          0x080103b4        0x0
 .v4_bx         0x080103b4        0x0 linker stubs

.iplt           0x080103b4        0x0
 .iplt          0x080103b4        0x0 C:/ST/STM32CubeIDE_1.19.0/STM32CubeIDE/plugins/com.st.stm32cube.ide.mcu.externaltools.gnu-tools-for-stm32.13.3.rel1.win32_1.0.0.202411081344/tools/bin/../lib/gcc/arm-none-eabi/13.3.1/thumb/v7e-m+fp/hard/crtbegin.o

.rodata         0x080103b8      0xd4c
                0x080103b8                        . = ALIGN (0x4)
 *(.rodata)
 .rodata        0x080103b8      0x3c4 ./Core/Src/mainpp.o
 *(.rodata*)
 .rodata._ZN14rosserial_msgsL12REQUESTPARAME
                0x0801077c       0x1c ./Core/Src/mainpp.o
 .rodata._ZZL6qdeltahhE5table
                0x08010798       0x10 ./Core/Src/mainpp.o
 .rodata._ZTVN3ros10SubscriberIN13geometry_msgs5TwistEvEE
                0x080107a8       0x18 ./Core/Src/mainpp.o
                0x080107a8                vtable for ros::Subscriber<geometry_msgs::Twist, void>
 .rodata._ZTVN3ros11NodeHandle_I13STM32HardwareLi25ELi25ELi8192ELi8192EEE
                0x080107c0       0x14 ./Core/Src/mainpp.o
                0x080107c0                vtable for ros::NodeHandle_<STM32Hardware, 25, 25, 8192, 8192>
 .rodata._ZTVN8nav_msgs8OdometryE
                0x080107d4       0x18 ./Core/Src/mainpp.o
                0x080107d4                vtable for nav_msgs::Odometry
 .rodata._ZTVN13geometry_msgs19TwistWithCovarianceE
                0x080107ec       0x18 ./Core/Src/mainpp.o
                0x080107ec                vtable for geometry_msgs::TwistWithCovariance
 .rodata._ZTVN13geometry_msgs18PoseWithCovarianceE
                0x08010804       0x18 ./Core/Src/mainpp.o